15:14:58 **** Incremental Build of configuration Debug for project bootloader ****
make -j8 all 
arm-none-eabi-size   bootloader.elf 
   text	   data	    bss	    dec	    hex	filename
  15676	    120	   1992	  17788	   457c	bootloader.elf
Finished building: default.size.stdout
 
15:19:42 **** Incremental Build of configuration Debug for project bootloader ****
make -j8 all 
arm-none-eabi-size   bootloader.elf 
   text	   data	    bss	    dec	    hex	filename
  15676	    120	   1992	  17788	   457c	bootloader.elf
Finished building: default.size.stdout
 
15:21:15 **** Incremental Build of configuration Debug for project bootloader ****
make -j8 all 
arm-none-eabi-size   bootloader.elf 
   text	   data	    bss	    dec	    hex	filename
  15676	    120	   1992	  17788	   457c	bootloader.elf
Finished building: default.size.stdout
 
