14:46:11 **** Incremental Build of configuration Debug for project application ****
Info: Internal Builder is used for build
arm-atollic-eabi-gcc -c ..\Drivers\STM32L0xx_HAL_Driver\Src\stm32l0xx_ll_utils.c -mthumb -mcpu=cortex-m0plus -std=gnu11 -DSTM32L073xx -I../src -I../Inc -I../Drivers/CMSIS/Include -I../Drivers/CMSIS/Device/ST/STM32L0xx/Include -I../Drivers/STM32L0xx_HAL_Driver/Inc -O0 -ffunction-sections -fdata-sections -g -fstack-usage -Wall -o Drivers\STM32L0xx_HAL_Driver\Src\stm32l0xx_ll_utils.o 
arm-atollic-eabi-g++ -c ..\src\main.cpp -mthumb -mcpu=cortex-m0plus -std=gnu++98 -DSTM32L073xx -I../src -I../Drivers/CMSIS/Include -I../Drivers/CMSIS/Device/ST/STM32L0xx/Include -I../Drivers/STM32L0xx_HAL_Driver/Inc -O0 -ffunction-sections -fdata-sections -fno-rtti -fno-exceptions -g -fstack-usage -Wall -fno-threadsafe-statics -o src\main.o 
arm-atollic-eabi-gcc -c ..\src\system_stm32l0xx.c -mthumb -mcpu=cortex-m0plus -std=gnu11 -DSTM32L073xx -I../src -I../Inc -I../Drivers/CMSIS/Include -I../Drivers/CMSIS/Device/ST/STM32L0xx/Include -I../Drivers/STM32L0xx_HAL_Driver/Inc -O0 -ffunction-sections -fdata-sections -g -fstack-usage -Wall -o src\system_stm32l0xx.o 
arm-atollic-eabi-g++ -o application.elf Drivers\STM32L0xx_HAL_Driver\Src\stm32l0xx_hal.o Drivers\STM32L0xx_HAL_Driver\Src\stm32l0xx_hal_adc.o Drivers\STM32L0xx_HAL_Driver\Src\stm32l0xx_hal_adc_ex.o Drivers\STM32L0xx_HAL_Driver\Src\stm32l0xx_hal_comp.o Drivers\STM32L0xx_HAL_Driver\Src\stm32l0xx_hal_comp_ex.o Drivers\STM32L0xx_HAL_Driver\Src\stm32l0xx_hal_cortex.o Drivers\STM32L0xx_HAL_Driver\Src\stm32l0xx_hal_crc.o Drivers\STM32L0xx_HAL_Driver\Src\stm32l0xx_hal_crc_ex.o Drivers\STM32L0xx_HAL_Driver\Src\stm32l0xx_hal_cryp.o Drivers\STM32L0xx_HAL_Driver\Src\stm32l0xx_hal_cryp_ex.o Drivers\STM32L0xx_HAL_Driver\Src\stm32l0xx_hal_dac.o Drivers\STM32L0xx_HAL_Driver\Src\stm32l0xx_hal_dac_ex.o Drivers\STM32L0xx_HAL_Driver\Src\stm32l0xx_hal_dma.o Drivers\STM32L0xx_HAL_Driver\Src\stm32l0xx_hal_exti.o Drivers\STM32L0xx_HAL_Driver\Src\stm32l0xx_hal_firewall.o Drivers\STM32L0xx_HAL_Driver\Src\stm32l0xx_hal_flash.o Drivers\STM32L0xx_HAL_Driver\Src\stm32l0xx_hal_flash_ex.o Drivers\STM32L0xx_HAL_Driver\Src\stm32l0xx_hal_flash_ramfunc.o Drivers\STM32L0xx_HAL_Driver\Src\stm32l0xx_hal_gpio.o Drivers\STM32L0xx_HAL_Driver\Src\stm32l0xx_hal_i2c.o Drivers\STM32L0xx_HAL_Driver\Src\stm32l0xx_hal_i2c_ex.o Drivers\STM32L0xx_HAL_Driver\Src\stm32l0xx_hal_i2s.o Drivers\STM32L0xx_HAL_Driver\Src\stm32l0xx_hal_irda.o Drivers\STM32L0xx_HAL_Driver\Src\stm32l0xx_hal_iwdg.o Drivers\STM32L0xx_HAL_Driver\Src\stm32l0xx_hal_lcd.o Drivers\STM32L0xx_HAL_Driver\Src\stm32l0xx_hal_lptim.o Drivers\STM32L0xx_HAL_Driver\Src\stm32l0xx_hal_msp_template.o Drivers\STM32L0xx_HAL_Driver\Src\stm32l0xx_hal_pcd.o Drivers\STM32L0xx_HAL_Driver\Src\stm32l0xx_hal_pcd_ex.o Drivers\STM32L0xx_HAL_Driver\Src\stm32l0xx_hal_pwr.o Drivers\STM32L0xx_HAL_Driver\Src\stm32l0xx_hal_pwr_ex.o Drivers\STM32L0xx_HAL_Driver\Src\stm32l0xx_hal_rcc.o Drivers\STM32L0xx_HAL_Driver\Src\stm32l0xx_hal_rcc_ex.o Drivers\STM32L0xx_HAL_Driver\Src\stm32l0xx_hal_rng.o Drivers\STM32L0xx_HAL_Driver\Src\stm32l0xx_hal_rtc.o Drivers\STM32L0xx_HAL_Driver\Src\stm32l0xx_hal_rtc_ex.o Drivers\STM32L0xx_HAL_Driver\Src\stm32l0xx_hal_smartcard.o Drivers\STM32L0xx_HAL_Driver\Src\stm32l0xx_hal_smartcard_ex.o Drivers\STM32L0xx_HAL_Driver\Src\stm32l0xx_hal_smbus.o Drivers\STM32L0xx_HAL_Driver\Src\stm32l0xx_hal_smbus_ex.o Drivers\STM32L0xx_HAL_Driver\Src\stm32l0xx_hal_spi.o Drivers\STM32L0xx_HAL_Driver\Src\stm32l0xx_hal_tim.o Drivers\STM32L0xx_HAL_Driver\Src\stm32l0xx_hal_tim_ex.o Drivers\STM32L0xx_HAL_Driver\Src\stm32l0xx_hal_timebase_tim_template.o Drivers\STM32L0xx_HAL_Driver\Src\stm32l0xx_hal_tsc.o Drivers\STM32L0xx_HAL_Driver\Src\stm32l0xx_hal_uart.o Drivers\STM32L0xx_HAL_Driver\Src\stm32l0xx_hal_uart_ex.o Drivers\STM32L0xx_HAL_Driver\Src\stm32l0xx_hal_usart.o Drivers\STM32L0xx_HAL_Driver\Src\stm32l0xx_hal_wwdg.o Drivers\STM32L0xx_HAL_Driver\Src\stm32l0xx_ll_adc.o Drivers\STM32L0xx_HAL_Driver\Src\stm32l0xx_ll_comp.o Drivers\STM32L0xx_HAL_Driver\Src\stm32l0xx_ll_crc.o Drivers\STM32L0xx_HAL_Driver\Src\stm32l0xx_ll_crs.o Drivers\STM32L0xx_HAL_Driver\Src\stm32l0xx_ll_dac.o Drivers\STM32L0xx_HAL_Driver\Src\stm32l0xx_ll_dma.o Drivers\STM32L0xx_HAL_Driver\Src\stm32l0xx_ll_exti.o Drivers\STM32L0xx_HAL_Driver\Src\stm32l0xx_ll_gpio.o Drivers\STM32L0xx_HAL_Driver\Src\stm32l0xx_ll_i2c.o Drivers\STM32L0xx_HAL_Driver\Src\stm32l0xx_ll_lptim.o Drivers\STM32L0xx_HAL_Driver\Src\stm32l0xx_ll_lpuart.o Drivers\STM32L0xx_HAL_Driver\Src\stm32l0xx_ll_pwr.o Drivers\STM32L0xx_HAL_Driver\Src\stm32l0xx_ll_rcc.o Drivers\STM32L0xx_HAL_Driver\Src\stm32l0xx_ll_rng.o Drivers\STM32L0xx_HAL_Driver\Src\stm32l0xx_ll_rtc.o Drivers\STM32L0xx_HAL_Driver\Src\stm32l0xx_ll_spi.o Drivers\STM32L0xx_HAL_Driver\Src\stm32l0xx_ll_tim.o Drivers\STM32L0xx_HAL_Driver\Src\stm32l0xx_ll_usart.o Drivers\STM32L0xx_HAL_Driver\Src\stm32l0xx_ll_usb.o Drivers\STM32L0xx_HAL_Driver\Src\stm32l0xx_ll_utils.o src\main.o src\startup_stm32l073xx.o src\system_stm32l0xx.o src\tiny_printf.o -mthumb -mcpu=cortex-m0plus -T../stm32_flash.ld -specs=nosys.specs -static -Wl,-cref,-u,Reset_Handler -Wl,-Map=application.map -Wl,--gc-sections -Wl,--defsym=malloc_getpagesize_P=0x1000 -Wl,--start-group -lc -lm -lstdc++ -lsupc++ -Wl,--end-group 
C:\Program Files (x86)\Atollic\TrueSTUDIO for STM32 9.3.0\ide\jre\bin\java -jar C:\Program Files (x86)\Atollic\TrueSTUDIO for STM32 9.3.0\Tools\arm-atollic-reports.jar sizeinfo list application.elf 
Generate build reports...
Print size information
   text	   data	    bss	    dec	    hex	filename
   1196	     12	    352	   1560	    618	application.elf
Print size information done
Generate listing file
Output sent to: application.list
Generate listing file done
Generate build reports done
14:46:37 **** Rebuild of configuration Debug for project application ****
Info: Internal Builder is used for build
arm-atollic-eabi-gcc -c ..\Drivers\STM32L0xx_HAL_Driver\Src\stm32l0xx_hal_cryp_ex.c -mthumb -mcpu=cortex-m0plus -std=gnu11 -DSTM32L073xx -I../src -I../Inc -I../Drivers/CMSIS/Include -I../Drivers/CMSIS/Device/ST/STM32L0xx/Include -I../Drivers/STM32L0xx_HAL_Driver/Inc -O0 -ffunction-sections -fdata-sections -g -fstack-usage -Wall -o Drivers\STM32L0xx_HAL_Driver\Src\stm32l0xx_hal_cryp_ex.o 
arm-atollic-eabi-gcc -c ..\Drivers\STM32L0xx_HAL_Driver\Src\stm32l0xx_hal_smartcard.c -mthumb -mcpu=cortex-m0plus -std=gnu11 -DSTM32L073xx -I../src -I../Inc -I../Drivers/CMSIS/Include -I../Drivers/CMSIS/Device/ST/STM32L0xx/Include -I../Drivers/STM32L0xx_HAL_Driver/Inc -O0 -ffunction-sections -fdata-sections -g -fstack-usage -Wall -o Drivers\STM32L0xx_HAL_Driver\Src\stm32l0xx_hal_smartcard.o 
arm-atollic-eabi-gcc -c ..\Drivers\STM32L0xx_HAL_Driver\Src\stm32l0xx_ll_usb.c -mthumb -mcpu=cortex-m0plus -std=gnu11 -DSTM32L073xx -I../src -I../Inc -I../Drivers/CMSIS/Include -I../Drivers/CMSIS/Device/ST/STM32L0xx/Include -I../Drivers/STM32L0xx_HAL_Driver/Inc -O0 -ffunction-sections -fdata-sections -g -fstack-usage -Wall -o Drivers\STM32L0xx_HAL_Driver\Src\stm32l0xx_ll_usb.o 
arm-atollic-eabi-gcc -c ..\Drivers\STM32L0xx_HAL_Driver\Src\stm32l0xx_hal_spi.c -mthumb -mcpu=cortex-m0plus -std=gnu11 -DSTM32L073xx -I../src -I../Inc -I../Drivers/CMSIS/Include -I../Drivers/CMSIS/Device/ST/STM32L0xx/Include -I../Drivers/STM32L0xx_HAL_Driver/Inc -O0 -ffunction-sections -fdata-sections -g -fstack-usage -Wall -o Drivers\STM32L0xx_HAL_Driver\Src\stm32l0xx_hal_spi.o 
arm-atollic-eabi-gcc -c ..\Drivers\STM32L0xx_HAL_Driver\Src\stm32l0xx_ll_usart.c -mthumb -mcpu=cortex-m0plus -std=gnu11 -DSTM32L073xx -I../src -I../Inc -I../Drivers/CMSIS/Include -I../Drivers/CMSIS/Device/ST/STM32L0xx/Include -I../Drivers/STM32L0xx_HAL_Driver/Inc -O0 -ffunction-sections -fdata-sections -g -fstack-usage -Wall -o Drivers\STM32L0xx_HAL_Driver\Src\stm32l0xx_ll_usart.o 
arm-atollic-eabi-gcc -c ..\Drivers\STM32L0xx_HAL_Driver\Src\stm32l0xx_hal_flash_ex.c -mthumb -mcpu=cortex-m0plus -std=gnu11 -DSTM32L073xx -I../src -I../Inc -I../Drivers/CMSIS/Include -I../Drivers/CMSIS/Device/ST/STM32L0xx/Include -I../Drivers/STM32L0xx_HAL_Driver/Inc -O0 -ffunction-sections -fdata-sections -g -fstack-usage -Wall -o Drivers\STM32L0xx_HAL_Driver\Src\stm32l0xx_hal_flash_ex.o 
arm-atollic-eabi-gcc -c ..\Drivers\STM32L0xx_HAL_Driver\Src\stm32l0xx_hal_tsc.c -mthumb -mcpu=cortex-m0plus -std=gnu11 -DSTM32L073xx -I../src -I../Inc -I../Drivers/CMSIS/Include -I../Drivers/CMSIS/Device/ST/STM32L0xx/Include -I../Drivers/STM32L0xx_HAL_Driver/Inc -O0 -ffunction-sections -fdata-sections -g -fstack-usage -Wall -o Drivers\STM32L0xx_HAL_Driver\Src\stm32l0xx_hal_tsc.o 
arm-atollic-eabi-gcc -c ..\Drivers\STM32L0xx_HAL_Driver\Src\stm32l0xx_ll_lpuart.c -mthumb -mcpu=cortex-m0plus -std=gnu11 -DSTM32L073xx -I../src -I../Inc -I../Drivers/CMSIS/Include -I../Drivers/CMSIS/Device/ST/STM32L0xx/Include -I../Drivers/STM32L0xx_HAL_Driver/Inc -O0 -ffunction-sections -fdata-sections -g -fstack-usage -Wall -o Drivers\STM32L0xx_HAL_Driver\Src\stm32l0xx_ll_lpuart.o 
arm-atollic-eabi-gcc -c ..\Drivers\STM32L0xx_HAL_Driver\Src\stm32l0xx_hal_lptim.c -mthumb -mcpu=cortex-m0plus -std=gnu11 -DSTM32L073xx -I../src -I../Inc -I../Drivers/CMSIS/Include -I../Drivers/CMSIS/Device/ST/STM32L0xx/Include -I../Drivers/STM32L0xx_HAL_Driver/Inc -O0 -ffunction-sections -fdata-sections -g -fstack-usage -Wall -o Drivers\STM32L0xx_HAL_Driver\Src\stm32l0xx_hal_lptim.o 
arm-atollic-eabi-gcc -c ..\Drivers\STM32L0xx_HAL_Driver\Src\stm32l0xx_ll_pwr.c -mthumb -mcpu=cortex-m0plus -std=gnu11 -DSTM32L073xx -I../src -I../Inc -I../Drivers/CMSIS/Include -I../Drivers/CMSIS/Device/ST/STM32L0xx/Include -I../Drivers/STM32L0xx_HAL_Driver/Inc -O0 -ffunction-sections -fdata-sections -g -fstack-usage -Wall -o Drivers\STM32L0xx_HAL_Driver\Src\stm32l0xx_ll_pwr.o 
arm-atollic-eabi-gcc -c ..\Drivers\STM32L0xx_HAL_Driver\Src\stm32l0xx_ll_spi.c -mthumb -mcpu=cortex-m0plus -std=gnu11 -DSTM32L073xx -I../src -I../Inc -I../Drivers/CMSIS/Include -I../Drivers/CMSIS/Device/ST/STM32L0xx/Include -I../Drivers/STM32L0xx_HAL_Driver/Inc -O0 -ffunction-sections -fdata-sections -g -fstack-usage -Wall -o Drivers\STM32L0xx_HAL_Driver\Src\stm32l0xx_ll_spi.o 
arm-atollic-eabi-gcc -c ..\Drivers\STM32L0xx_HAL_Driver\Src\stm32l0xx_hal_irda.c -mthumb -mcpu=cortex-m0plus -std=gnu11 -DSTM32L073xx -I../src -I../Inc -I../Drivers/CMSIS/Include -I../Drivers/CMSIS/Device/ST/STM32L0xx/Include -I../Drivers/STM32L0xx_HAL_Driver/Inc -O0 -ffunction-sections -fdata-sections -g -fstack-usage -Wall -o Drivers\STM32L0xx_HAL_Driver\Src\stm32l0xx_hal_irda.o 
arm-atollic-eabi-gcc -c ..\Drivers\STM32L0xx_HAL_Driver\Src\stm32l0xx_hal_flash.c -mthumb -mcpu=cortex-m0plus -std=gnu11 -DSTM32L073xx -I../src -I../Inc -I../Drivers/CMSIS/Include -I../Drivers/CMSIS/Device/ST/STM32L0xx/Include -I../Drivers/STM32L0xx_HAL_Driver/Inc -O0 -ffunction-sections -fdata-sections -g -fstack-usage -Wall -o Drivers\STM32L0xx_HAL_Driver\Src\stm32l0xx_hal_flash.o 
arm-atollic-eabi-gcc -c ..\Drivers\STM32L0xx_HAL_Driver\Src\stm32l0xx_ll_crc.c -mthumb -mcpu=cortex-m0plus -std=gnu11 -DSTM32L073xx -I../src -I../Inc -I../Drivers/CMSIS/Include -I../Drivers/CMSIS/Device/ST/STM32L0xx/Include -I../Drivers/STM32L0xx_HAL_Driver/Inc -O0 -ffunction-sections -fdata-sections -g -fstack-usage -Wall -o Drivers\STM32L0xx_HAL_Driver\Src\stm32l0xx_ll_crc.o 
arm-atollic-eabi-gcc -c ..\Drivers\STM32L0xx_HAL_Driver\Src\stm32l0xx_hal_dma.c -mthumb -mcpu=cortex-m0plus -std=gnu11 -DSTM32L073xx -I../src -I../Inc -I../Drivers/CMSIS/Include -I../Drivers/CMSIS/Device/ST/STM32L0xx/Include -I../Drivers/STM32L0xx_HAL_Driver/Inc -O0 -ffunction-sections -fdata-sections -g -fstack-usage -Wall -o Drivers\STM32L0xx_HAL_Driver\Src\stm32l0xx_hal_dma.o 
arm-atollic-eabi-gcc -c ..\Drivers\STM32L0xx_HAL_Driver\Src\stm32l0xx_hal_i2s.c -mthumb -mcpu=cortex-m0plus -std=gnu11 -DSTM32L073xx -I../src -I../Inc -I../Drivers/CMSIS/Include -I../Drivers/CMSIS/Device/ST/STM32L0xx/Include -I../Drivers/STM32L0xx_HAL_Driver/Inc -O0 -ffunction-sections -fdata-sections -g -fstack-usage -Wall -o Drivers\STM32L0xx_HAL_Driver\Src\stm32l0xx_hal_i2s.o 
arm-atollic-eabi-gcc -c ..\Drivers\STM32L0xx_HAL_Driver\Src\stm32l0xx_hal_adc_ex.c -mthumb -mcpu=cortex-m0plus -std=gnu11 -DSTM32L073xx -I../src -I../Inc -I../Drivers/CMSIS/Include -I../Drivers/CMSIS/Device/ST/STM32L0xx/Include -I../Drivers/STM32L0xx_HAL_Driver/Inc -O0 -ffunction-sections -fdata-sections -g -fstack-usage -Wall -o Drivers\STM32L0xx_HAL_Driver\Src\stm32l0xx_hal_adc_ex.o 
arm-atollic-eabi-gcc -c ..\Drivers\STM32L0xx_HAL_Driver\Src\stm32l0xx_hal.c -mthumb -mcpu=cortex-m0plus -std=gnu11 -DSTM32L073xx -I../src -I../Inc -I../Drivers/CMSIS/Include -I../Drivers/CMSIS/Device/ST/STM32L0xx/Include -I../Drivers/STM32L0xx_HAL_Driver/Inc -O0 -ffunction-sections -fdata-sections -g -fstack-usage -Wall -o Drivers\STM32L0xx_HAL_Driver\Src\stm32l0xx_hal.o 
arm-atollic-eabi-gcc -c ..\Drivers\STM32L0xx_HAL_Driver\Src\stm32l0xx_hal_rtc_ex.c -mthumb -mcpu=cortex-m0plus -std=gnu11 -DSTM32L073xx -I../src -I../Inc -I../Drivers/CMSIS/Include -I../Drivers/CMSIS/Device/ST/STM32L0xx/Include -I../Drivers/STM32L0xx_HAL_Driver/Inc -O0 -ffunction-sections -fdata-sections -g -fstack-usage -Wall -o Drivers\STM32L0xx_HAL_Driver\Src\stm32l0xx_hal_rtc_ex.o 
arm-atollic-eabi-gcc -c ..\Drivers\STM32L0xx_HAL_Driver\Src\stm32l0xx_hal_rcc.c -mthumb -mcpu=cortex-m0plus -std=gnu11 -DSTM32L073xx -I../src -I../Inc -I../Drivers/CMSIS/Include -I../Drivers/CMSIS/Device/ST/STM32L0xx/Include -I../Drivers/STM32L0xx_HAL_Driver/Inc -O0 -ffunction-sections -fdata-sections -g -fstack-usage -Wall -o Drivers\STM32L0xx_HAL_Driver\Src\stm32l0xx_hal_rcc.o 
arm-atollic-eabi-gcc -c ..\Drivers\STM32L0xx_HAL_Driver\Src\stm32l0xx_ll_dac.c -mthumb -mcpu=cortex-m0plus -std=gnu11 -DSTM32L073xx -I../src -I../Inc -I../Drivers/CMSIS/Include -I../Drivers/CMSIS/Device/ST/STM32L0xx/Include -I../Drivers/STM32L0xx_HAL_Driver/Inc -O0 -ffunction-sections -fdata-sections -g -fstack-usage -Wall -o Drivers\STM32L0xx_HAL_Driver\Src\stm32l0xx_ll_dac.o 
arm-atollic-eabi-gcc -c ..\Drivers\STM32L0xx_HAL_Driver\Src\stm32l0xx_ll_rng.c -mthumb -mcpu=cortex-m0plus -std=gnu11 -DSTM32L073xx -I../src -I../Inc -I../Drivers/CMSIS/Include -I../Drivers/CMSIS/Device/ST/STM32L0xx/Include -I../Drivers/STM32L0xx_HAL_Driver/Inc -O0 -ffunction-sections -fdata-sections -g -fstack-usage -Wall -o Drivers\STM32L0xx_HAL_Driver\Src\stm32l0xx_ll_rng.o 
arm-atollic-eabi-gcc -c ..\Drivers\STM32L0xx_HAL_Driver\Src\stm32l0xx_ll_utils.c -mthumb -mcpu=cortex-m0plus -std=gnu11 -DSTM32L073xx -I../src -I../Inc -I../Drivers/CMSIS/Include -I../Drivers/CMSIS/Device/ST/STM32L0xx/Include -I../Drivers/STM32L0xx_HAL_Driver/Inc -O0 -ffunction-sections -fdata-sections -g -fstack-usage -Wall -o Drivers\STM32L0xx_HAL_Driver\Src\stm32l0xx_ll_utils.o 
arm-atollic-eabi-gcc -c ..\Drivers\STM32L0xx_HAL_Driver\Src\stm32l0xx_hal_smartcard_ex.c -mthumb -mcpu=cortex-m0plus -std=gnu11 -DSTM32L073xx -I../src -I../Inc -I../Drivers/CMSIS/Include -I../Drivers/CMSIS/Device/ST/STM32L0xx/Include -I../Drivers/STM32L0xx_HAL_Driver/Inc -O0 -ffunction-sections -fdata-sections -g -fstack-usage -Wall -o Drivers\STM32L0xx_HAL_Driver\Src\stm32l0xx_hal_smartcard_ex.o 
arm-atollic-eabi-gcc -c ..\Drivers\STM32L0xx_HAL_Driver\Src\stm32l0xx_hal_firewall.c -mthumb -mcpu=cortex-m0plus -std=gnu11 -DSTM32L073xx -I../src -I../Inc -I../Drivers/CMSIS/Include -I../Drivers/CMSIS/Device/ST/STM32L0xx/Include -I../Drivers/STM32L0xx_HAL_Driver/Inc -O0 -ffunction-sections -fdata-sections -g -fstack-usage -Wall -o Drivers\STM32L0xx_HAL_Driver\Src\stm32l0xx_hal_firewall.o 
arm-atollic-eabi-gcc -c ..\Drivers\STM32L0xx_HAL_Driver\Src\stm32l0xx_hal_gpio.c -mthumb -mcpu=cortex-m0plus -std=gnu11 -DSTM32L073xx -I../src -I../Inc -I../Drivers/CMSIS/Include -I../Drivers/CMSIS/Device/ST/STM32L0xx/Include -I../Drivers/STM32L0xx_HAL_Driver/Inc -O0 -ffunction-sections -fdata-sections -g -fstack-usage -Wall -o Drivers\STM32L0xx_HAL_Driver\Src\stm32l0xx_hal_gpio.o 
arm-atollic-eabi-gcc -c ..\Drivers\STM32L0xx_HAL_Driver\Src\stm32l0xx_ll_dma.c -mthumb -mcpu=cortex-m0plus -std=gnu11 -DSTM32L073xx -I../src -I../Inc -I../Drivers/CMSIS/Include -I../Drivers/CMSIS/Device/ST/STM32L0xx/Include -I../Drivers/STM32L0xx_HAL_Driver/Inc -O0 -ffunction-sections -fdata-sections -g -fstack-usage -Wall -o Drivers\STM32L0xx_HAL_Driver\Src\stm32l0xx_ll_dma.o 
arm-atollic-eabi-gcc -c ..\Drivers\STM32L0xx_HAL_Driver\Src\stm32l0xx_hal_dac_ex.c -mthumb -mcpu=cortex-m0plus -std=gnu11 -DSTM32L073xx -I../src -I../Inc -I../Drivers/CMSIS/Include -I../Drivers/CMSIS/Device/ST/STM32L0xx/Include -I../Drivers/STM32L0xx_HAL_Driver/Inc -O0 -ffunction-sections -fdata-sections -g -fstack-usage -Wall -o Drivers\STM32L0xx_HAL_Driver\Src\stm32l0xx_hal_dac_ex.o 
arm-atollic-eabi-gcc -c ..\Drivers\STM32L0xx_HAL_Driver\Src\stm32l0xx_hal_timebase_tim_template.c -mthumb -mcpu=cortex-m0plus -std=gnu11 -DSTM32L073xx -I../src -I../Inc -I../Drivers/CMSIS/Include -I../Drivers/CMSIS/Device/ST/STM32L0xx/Include -I../Drivers/STM32L0xx_HAL_Driver/Inc -O0 -ffunction-sections -fdata-sections -g -fstack-usage -Wall -o Drivers\STM32L0xx_HAL_Driver\Src\stm32l0xx_hal_timebase_tim_template.o 
arm-atollic-eabi-gcc -c ..\Drivers\STM32L0xx_HAL_Driver\Src\stm32l0xx_hal_usart.c -mthumb -mcpu=cortex-m0plus -std=gnu11 -DSTM32L073xx -I../src -I../Inc -I../Drivers/CMSIS/Include -I../Drivers/CMSIS/Device/ST/STM32L0xx/Include -I../Drivers/STM32L0xx_HAL_Driver/Inc -O0 -ffunction-sections -fdata-sections -g -fstack-usage -Wall -o Drivers\STM32L0xx_HAL_Driver\Src\stm32l0xx_hal_usart.o 
arm-atollic-eabi-gcc -c ..\Drivers\STM32L0xx_HAL_Driver\Src\stm32l0xx_ll_i2c.c -mthumb -mcpu=cortex-m0plus -std=gnu11 -DSTM32L073xx -I../src -I../Inc -I../Drivers/CMSIS/Include -I../Drivers/CMSIS/Device/ST/STM32L0xx/Include -I../Drivers/STM32L0xx_HAL_Driver/Inc -O0 -ffunction-sections -fdata-sections -g -fstack-usage -Wall -o Drivers\STM32L0xx_HAL_Driver\Src\stm32l0xx_ll_i2c.o 
arm-atollic-eabi-gcc -c ..\Drivers\STM32L0xx_HAL_Driver\Src\stm32l0xx_hal_smbus.c -mthumb -mcpu=cortex-m0plus -std=gnu11 -DSTM32L073xx -I../src -I../Inc -I../Drivers/CMSIS/Include -I../Drivers/CMSIS/Device/ST/STM32L0xx/Include -I../Drivers/STM32L0xx_HAL_Driver/Inc -O0 -ffunction-sections -fdata-sections -g -fstack-usage -Wall -o Drivers\STM32L0xx_HAL_Driver\Src\stm32l0xx_hal_smbus.o 
arm-atollic-eabi-gcc -c ..\Drivers\STM32L0xx_HAL_Driver\Src\stm32l0xx_hal_crc_ex.c -mthumb -mcpu=cortex-m0plus -std=gnu11 -DSTM32L073xx -I../src -I../Inc -I../Drivers/CMSIS/Include -I../Drivers/CMSIS/Device/ST/STM32L0xx/Include -I../Drivers/STM32L0xx_HAL_Driver/Inc -O0 -ffunction-sections -fdata-sections -g -fstack-usage -Wall -o Drivers\STM32L0xx_HAL_Driver\Src\stm32l0xx_hal_crc_ex.o 
arm-atollic-eabi-gcc -c ..\Drivers\STM32L0xx_HAL_Driver\Src\stm32l0xx_hal_dac.c -mthumb -mcpu=cortex-m0plus -std=gnu11 -DSTM32L073xx -I../src -I../Inc -I../Drivers/CMSIS/Include -I../Drivers/CMSIS/Device/ST/STM32L0xx/Include -I../Drivers/STM32L0xx_HAL_Driver/Inc -O0 -ffunction-sections -fdata-sections -g -fstack-usage -Wall -o Drivers\STM32L0xx_HAL_Driver\Src\stm32l0xx_hal_dac.o 
arm-atollic-eabi-gcc -c ..\Drivers\STM32L0xx_HAL_Driver\Src\stm32l0xx_hal_adc.c -mthumb -mcpu=cortex-m0plus -std=gnu11 -DSTM32L073xx -I../src -I../Inc -I../Drivers/CMSIS/Include -I../Drivers/CMSIS/Device/ST/STM32L0xx/Include -I../Drivers/STM32L0xx_HAL_Driver/Inc -O0 -ffunction-sections -fdata-sections -g -fstack-usage -Wall -o Drivers\STM32L0xx_HAL_Driver\Src\stm32l0xx_hal_adc.o 
arm-atollic-eabi-gcc -c ..\Drivers\STM32L0xx_HAL_Driver\Src\stm32l0xx_hal_pwr_ex.c -mthumb -mcpu=cortex-m0plus -std=gnu11 -DSTM32L073xx -I../src -I../Inc -I../Drivers/CMSIS/Include -I../Drivers/CMSIS/Device/ST/STM32L0xx/Include -I../Drivers/STM32L0xx_HAL_Driver/Inc -O0 -ffunction-sections -fdata-sections -g -fstack-usage -Wall -o Drivers\STM32L0xx_HAL_Driver\Src\stm32l0xx_hal_pwr_ex.o 
arm-atollic-eabi-gcc -c ..\Drivers\STM32L0xx_HAL_Driver\Src\stm32l0xx_ll_lptim.c -mthumb -mcpu=cortex-m0plus -std=gnu11 -DSTM32L073xx -I../src -I../Inc -I../Drivers/CMSIS/Include -I../Drivers/CMSIS/Device/ST/STM32L0xx/Include -I../Drivers/STM32L0xx_HAL_Driver/Inc -O0 -ffunction-sections -fdata-sections -g -fstack-usage -Wall -o Drivers\STM32L0xx_HAL_Driver\Src\stm32l0xx_ll_lptim.o 
arm-atollic-eabi-gcc -c ..\Drivers\STM32L0xx_HAL_Driver\Src\stm32l0xx_hal_crc.c -mthumb -mcpu=cortex-m0plus -std=gnu11 -DSTM32L073xx -I../src -I../Inc -I../Drivers/CMSIS/Include -I../Drivers/CMSIS/Device/ST/STM32L0xx/Include -I../Drivers/STM32L0xx_HAL_Driver/Inc -O0 -ffunction-sections -fdata-sections -g -fstack-usage -Wall -o Drivers\STM32L0xx_HAL_Driver\Src\stm32l0xx_hal_crc.o 
arm-atollic-eabi-gcc -c ..\Drivers\STM32L0xx_HAL_Driver\Src\stm32l0xx_ll_adc.c -mthumb -mcpu=cortex-m0plus -std=gnu11 -DSTM32L073xx -I../src -I../Inc -I../Drivers/CMSIS/Include -I../Drivers/CMSIS/Device/ST/STM32L0xx/Include -I../Drivers/STM32L0xx_HAL_Driver/Inc -O0 -ffunction-sections -fdata-sections -g -fstack-usage -Wall -o Drivers\STM32L0xx_HAL_Driver\Src\stm32l0xx_ll_adc.o 
arm-atollic-eabi-gcc -c ..\Drivers\STM32L0xx_HAL_Driver\Src\stm32l0xx_hal_comp_ex.c -mthumb -mcpu=cortex-m0plus -std=gnu11 -DSTM32L073xx -I../src -I../Inc -I../Drivers/CMSIS/Include -I../Drivers/CMSIS/Device/ST/STM32L0xx/Include -I../Drivers/STM32L0xx_HAL_Driver/Inc -O0 -ffunction-sections -fdata-sections -g -fstack-usage -Wall -o Drivers\STM32L0xx_HAL_Driver\Src\stm32l0xx_hal_comp_ex.o 
arm-atollic-eabi-gcc -c ..\Drivers\STM32L0xx_HAL_Driver\Src\stm32l0xx_ll_exti.c -mthumb -mcpu=cortex-m0plus -std=gnu11 -DSTM32L073xx -I../src -I../Inc -I../Drivers/CMSIS/Include -I../Drivers/CMSIS/Device/ST/STM32L0xx/Include -I../Drivers/STM32L0xx_HAL_Driver/Inc -O0 -ffunction-sections -fdata-sections -g -fstack-usage -Wall -o Drivers\STM32L0xx_HAL_Driver\Src\stm32l0xx_ll_exti.o 
arm-atollic-eabi-gcc -c ..\Drivers\STM32L0xx_HAL_Driver\Src\stm32l0xx_hal_rtc.c -mthumb -mcpu=cortex-m0plus -std=gnu11 -DSTM32L073xx -I../src -I../Inc -I../Drivers/CMSIS/Include -I../Drivers/CMSIS/Device/ST/STM32L0xx/Include -I../Drivers/STM32L0xx_HAL_Driver/Inc -O0 -ffunction-sections -fdata-sections -g -fstack-usage -Wall -o Drivers\STM32L0xx_HAL_Driver\Src\stm32l0xx_hal_rtc.o 
arm-atollic-eabi-gcc -c ..\Drivers\STM32L0xx_HAL_Driver\Src\stm32l0xx_hal_pcd_ex.c -mthumb -mcpu=cortex-m0plus -std=gnu11 -DSTM32L073xx -I../src -I../Inc -I../Drivers/CMSIS/Include -I../Drivers/CMSIS/Device/ST/STM32L0xx/Include -I../Drivers/STM32L0xx_HAL_Driver/Inc -O0 -ffunction-sections -fdata-sections -g -fstack-usage -Wall -o Drivers\STM32L0xx_HAL_Driver\Src\stm32l0xx_hal_pcd_ex.o 
arm-atollic-eabi-gcc -c ..\Drivers\STM32L0xx_HAL_Driver\Src\stm32l0xx_hal_cortex.c -mthumb -mcpu=cortex-m0plus -std=gnu11 -DSTM32L073xx -I../src -I../Inc -I../Drivers/CMSIS/Include -I../Drivers/CMSIS/Device/ST/STM32L0xx/Include -I../Drivers/STM32L0xx_HAL_Driver/Inc -O0 -ffunction-sections -fdata-sections -g -fstack-usage -Wall -o Drivers\STM32L0xx_HAL_Driver\Src\stm32l0xx_hal_cortex.o 
arm-atollic-eabi-gcc -c ..\Drivers\STM32L0xx_HAL_Driver\Src\stm32l0xx_hal_rcc_ex.c -mthumb -mcpu=cortex-m0plus -std=gnu11 -DSTM32L073xx -I../src -I../Inc -I../Drivers/CMSIS/Include -I../Drivers/CMSIS/Device/ST/STM32L0xx/Include -I../Drivers/STM32L0xx_HAL_Driver/Inc -O0 -ffunction-sections -fdata-sections -g -fstack-usage -Wall -o Drivers\STM32L0xx_HAL_Driver\Src\stm32l0xx_hal_rcc_ex.o 
arm-atollic-eabi-gcc -c ..\Drivers\STM32L0xx_HAL_Driver\Src\stm32l0xx_hal_tim_ex.c -mthumb -mcpu=cortex-m0plus -std=gnu11 -DSTM32L073xx -I../src -I../Inc -I../Drivers/CMSIS/Include -I../Drivers/CMSIS/Device/ST/STM32L0xx/Include -I../Drivers/STM32L0xx_HAL_Driver/Inc -O0 -ffunction-sections -fdata-sections -g -fstack-usage -Wall -o Drivers\STM32L0xx_HAL_Driver\Src\stm32l0xx_hal_tim_ex.o 
arm-atollic-eabi-gcc -c ..\Drivers\STM32L0xx_HAL_Driver\Src\stm32l0xx_hal_uart.c -mthumb -mcpu=cortex-m0plus -std=gnu11 -DSTM32L073xx -I../src -I../Inc -I../Drivers/CMSIS/Include -I../Drivers/CMSIS/Device/ST/STM32L0xx/Include -I../Drivers/STM32L0xx_HAL_Driver/Inc -O0 -ffunction-sections -fdata-sections -g -fstack-usage -Wall -o Drivers\STM32L0xx_HAL_Driver\Src\stm32l0xx_hal_uart.o 
..\Drivers\STM32L0xx_HAL_Driver\Src\stm32l0xx_hal_uart.c: In function 'HAL_UART_Transmit_IT':
..\Drivers\STM32L0xx_HAL_Driver\Src\stm32l0xx_hal_uart.c:1334:5: warning: implicit declaration of function 'ATOMIC_SET_BIT' [-Wimplicit-function-declaration]
     ATOMIC_SET_BIT(huart->Instance->CR1, USART_CR1_TXEIE);
     ^~~~~~~~~~~~~~
arm-atollic-eabi-gcc -c ..\Drivers\STM32L0xx_HAL_Driver\Src\stm32l0xx_hal_iwdg.c -mthumb -mcpu=cortex-m0plus -std=gnu11 -DSTM32L073xx -I../src -I../Inc -I../Drivers/CMSIS/Include -I../Drivers/CMSIS/Device/ST/STM32L0xx/Include -I../Drivers/STM32L0xx_HAL_Driver/Inc -O0 -ffunction-sections -fdata-sections -g -fstack-usage -Wall -o Drivers\STM32L0xx_HAL_Driver\Src\stm32l0xx_hal_iwdg.o 
arm-atollic-eabi-gcc -c ..\Drivers\STM32L0xx_HAL_Driver\Src\stm32l0xx_hal_i2c_ex.c -mthumb -mcpu=cortex-m0plus -std=gnu11 -DSTM32L073xx -I../src -I../Inc -I../Drivers/CMSIS/Include -I../Drivers/CMSIS/Device/ST/STM32L0xx/Include -I../Drivers/STM32L0xx_HAL_Driver/Inc -O0 -ffunction-sections -fdata-sections -g -fstack-usage -Wall -o Drivers\STM32L0xx_HAL_Driver\Src\stm32l0xx_hal_i2c_ex.o 
arm-atollic-eabi-gcc -c ..\Drivers\STM32L0xx_HAL_Driver\Src\stm32l0xx_hal_i2c.c -mthumb -mcpu=cortex-m0plus -std=gnu11 -DSTM32L073xx -I../src -I../Inc -I../Drivers/CMSIS/Include -I../Drivers/CMSIS/Device/ST/STM32L0xx/Include -I../Drivers/STM32L0xx_HAL_Driver/Inc -O0 -ffunction-sections -fdata-sections -g -fstack-usage -Wall -o Drivers\STM32L0xx_HAL_Driver\Src\stm32l0xx_hal_i2c.o 
arm-atollic-eabi-gcc -c ..\Drivers\STM32L0xx_HAL_Driver\Src\stm32l0xx_hal_comp.c -mthumb -mcpu=cortex-m0plus -std=gnu11 -DSTM32L073xx -I../src -I../Inc -I../Drivers/CMSIS/Include -I../Drivers/CMSIS/Device/ST/STM32L0xx/Include -I../Drivers/STM32L0xx_HAL_Driver/Inc -O0 -ffunction-sections -fdata-sections -g -fstack-usage -Wall -o Drivers\STM32L0xx_HAL_Driver\Src\stm32l0xx_hal_comp.o 
arm-atollic-eabi-gcc -c ..\Drivers\STM32L0xx_HAL_Driver\Src\stm32l0xx_hal_exti.c -mthumb -mcpu=cortex-m0plus -std=gnu11 -DSTM32L073xx -I../src -I../Inc -I../Drivers/CMSIS/Include -I../Drivers/CMSIS/Device/ST/STM32L0xx/Include -I../Drivers/STM32L0xx_HAL_Driver/Inc -O0 -ffunction-sections -fdata-sections -g -fstack-usage -Wall -o Drivers\STM32L0xx_HAL_Driver\Src\stm32l0xx_hal_exti.o 
arm-atollic-eabi-gcc -c ..\src\system_stm32l0xx.c -mthumb -mcpu=cortex-m0plus -std=gnu11 -DSTM32L073xx -I../src -I../Inc -I../Drivers/CMSIS/Include -I../Drivers/CMSIS/Device/ST/STM32L0xx/Include -I../Drivers/STM32L0xx_HAL_Driver/Inc -O0 -ffunction-sections -fdata-sections -g -fstack-usage -Wall -o src\system_stm32l0xx.o 
arm-atollic-eabi-gcc -c ..\Drivers\STM32L0xx_HAL_Driver\Src\stm32l0xx_hal_msp_template.c -mthumb -mcpu=cortex-m0plus -std=gnu11 -DSTM32L073xx -I../src -I../Inc -I../Drivers/CMSIS/Include -I../Drivers/CMSIS/Device/ST/STM32L0xx/Include -I../Drivers/STM32L0xx_HAL_Driver/Inc -O0 -ffunction-sections -fdata-sections -g -fstack-usage -Wall -o Drivers\STM32L0xx_HAL_Driver\Src\stm32l0xx_hal_msp_template.o 
arm-atollic-eabi-gcc -c ..\Drivers\STM32L0xx_HAL_Driver\Src\stm32l0xx_ll_rcc.c -mthumb -mcpu=cortex-m0plus -std=gnu11 -DSTM32L073xx -I../src -I../Inc -I../Drivers/CMSIS/Include -I../Drivers/CMSIS/Device/ST/STM32L0xx/Include -I../Drivers/STM32L0xx_HAL_Driver/Inc -O0 -ffunction-sections -fdata-sections -g -fstack-usage -Wall -o Drivers\STM32L0xx_HAL_Driver\Src\stm32l0xx_ll_rcc.o 
arm-atollic-eabi-gcc -c ..\src\tiny_printf.c -mthumb -mcpu=cortex-m0plus -std=gnu11 -DSTM32L073xx -I../src -I../Inc -I../Drivers/CMSIS/Include -I../Drivers/CMSIS/Device/ST/STM32L0xx/Include -I../Drivers/STM32L0xx_HAL_Driver/Inc -O0 -ffunction-sections -fdata-sections -g -fstack-usage -Wall -o src\tiny_printf.o 
arm-atollic-eabi-gcc -c ..\Drivers\STM32L0xx_HAL_Driver\Src\stm32l0xx_hal_smbus_ex.c -mthumb -mcpu=cortex-m0plus -std=gnu11 -DSTM32L073xx -I../src -I../Inc -I../Drivers/CMSIS/Include -I../Drivers/CMSIS/Device/ST/STM32L0xx/Include -I../Drivers/STM32L0xx_HAL_Driver/Inc -O0 -ffunction-sections -fdata-sections -g -fstack-usage -Wall -o Drivers\STM32L0xx_HAL_Driver\Src\stm32l0xx_hal_smbus_ex.o 
arm-atollic-eabi-gcc -c ..\Drivers\STM32L0xx_HAL_Driver\Src\stm32l0xx_hal_tim.c -mthumb -mcpu=cortex-m0plus -std=gnu11 -DSTM32L073xx -I../src -I../Inc -I../Drivers/CMSIS/Include -I../Drivers/CMSIS/Device/ST/STM32L0xx/Include -I../Drivers/STM32L0xx_HAL_Driver/Inc -O0 -ffunction-sections -fdata-sections -g -fstack-usage -Wall -o Drivers\STM32L0xx_HAL_Driver\Src\stm32l0xx_hal_tim.o 
arm-atollic-eabi-gcc -c ..\Drivers\STM32L0xx_HAL_Driver\Src\stm32l0xx_ll_comp.c -mthumb -mcpu=cortex-m0plus -std=gnu11 -DSTM32L073xx -I../src -I../Inc -I../Drivers/CMSIS/Include -I../Drivers/CMSIS/Device/ST/STM32L0xx/Include -I../Drivers/STM32L0xx_HAL_Driver/Inc -O0 -ffunction-sections -fdata-sections -g -fstack-usage -Wall -o Drivers\STM32L0xx_HAL_Driver\Src\stm32l0xx_ll_comp.o 
arm-atollic-eabi-gcc -c ..\Drivers\STM32L0xx_HAL_Driver\Src\stm32l0xx_hal_flash_ramfunc.c -mthumb -mcpu=cortex-m0plus -std=gnu11 -DSTM32L073xx -I../src -I../Inc -I../Drivers/CMSIS/Include -I../Drivers/CMSIS/Device/ST/STM32L0xx/Include -I../Drivers/STM32L0xx_HAL_Driver/Inc -O0 -ffunction-sections -fdata-sections -g -fstack-usage -Wall -o Drivers\STM32L0xx_HAL_Driver\Src\stm32l0xx_hal_flash_ramfunc.o 
arm-atollic-eabi-gcc -c ..\Drivers\STM32L0xx_HAL_Driver\Src\stm32l0xx_ll_crs.c -mthumb -mcpu=cortex-m0plus -std=gnu11 -DSTM32L073xx -I../src -I../Inc -I../Drivers/CMSIS/Include -I../Drivers/CMSIS/Device/ST/STM32L0xx/Include -I../Drivers/STM32L0xx_HAL_Driver/Inc -O0 -ffunction-sections -fdata-sections -g -fstack-usage -Wall -o Drivers\STM32L0xx_HAL_Driver\Src\stm32l0xx_ll_crs.o 
arm-atollic-eabi-gcc -c ..\Drivers\STM32L0xx_HAL_Driver\Src\stm32l0xx_ll_gpio.c -mthumb -mcpu=cortex-m0plus -std=gnu11 -DSTM32L073xx -I../src -I../Inc -I../Drivers/CMSIS/Include -I../Drivers/CMSIS/Device/ST/STM32L0xx/Include -I../Drivers/STM32L0xx_HAL_Driver/Inc -O0 -ffunction-sections -fdata-sections -g -fstack-usage -Wall -o Drivers\STM32L0xx_HAL_Driver\Src\stm32l0xx_ll_gpio.o 
arm-atollic-eabi-g++ -c ..\src\main.cpp -mthumb -mcpu=cortex-m0plus -std=gnu++98 -DSTM32L073xx -I../src -I../Drivers/CMSIS/Include -I../Drivers/CMSIS/Device/ST/STM32L0xx/Include -I../Drivers/STM32L0xx_HAL_Driver/Inc -O0 -ffunction-sections -fdata-sections -fno-rtti -fno-exceptions -g -fstack-usage -Wall -fno-threadsafe-statics -o src\main.o 
arm-atollic-eabi-gcc -c -mthumb -mcpu=cortex-m0plus -DSTM32L073xx -I../src -I../Drivers/CMSIS/Include -I../Drivers/CMSIS/Device/ST/STM32L0xx/Include -I../Drivers/STM32L0xx_HAL_Driver/Inc -g -Wa,--warn -x assembler-with-cpp -o src\startup_stm32l073xx.o ..\src\startup_stm32l073xx.s 
arm-atollic-eabi-gcc -c ..\Drivers\STM32L0xx_HAL_Driver\Src\stm32l0xx_hal_cryp.c -mthumb -mcpu=cortex-m0plus -std=gnu11 -DSTM32L073xx -I../src -I../Inc -I../Drivers/CMSIS/Include -I../Drivers/CMSIS/Device/ST/STM32L0xx/Include -I../Drivers/STM32L0xx_HAL_Driver/Inc -O0 -ffunction-sections -fdata-sections -g -fstack-usage -Wall -o Drivers\STM32L0xx_HAL_Driver\Src\stm32l0xx_hal_cryp.o 
arm-atollic-eabi-gcc -c ..\Drivers\STM32L0xx_HAL_Driver\Src\stm32l0xx_hal_wwdg.c -mthumb -mcpu=cortex-m0plus -std=gnu11 -DSTM32L073xx -I../src -I../Inc -I../Drivers/CMSIS/Include -I../Drivers/CMSIS/Device/ST/STM32L0xx/Include -I../Drivers/STM32L0xx_HAL_Driver/Inc -O0 -ffunction-sections -fdata-sections -g -fstack-usage -Wall -o Drivers\STM32L0xx_HAL_Driver\Src\stm32l0xx_hal_wwdg.o 
arm-atollic-eabi-gcc -c ..\Drivers\STM32L0xx_HAL_Driver\Src\stm32l0xx_hal_pwr.c -mthumb -mcpu=cortex-m0plus -std=gnu11 -DSTM32L073xx -I../src -I../Inc -I../Drivers/CMSIS/Include -I../Drivers/CMSIS/Device/ST/STM32L0xx/Include -I../Drivers/STM32L0xx_HAL_Driver/Inc -O0 -ffunction-sections -fdata-sections -g -fstack-usage -Wall -o Drivers\STM32L0xx_HAL_Driver\Src\stm32l0xx_hal_pwr.o 
arm-atollic-eabi-gcc -c ..\Drivers\STM32L0xx_HAL_Driver\Src\stm32l0xx_ll_tim.c -mthumb -mcpu=cortex-m0plus -std=gnu11 -DSTM32L073xx -I../src -I../Inc -I../Drivers/CMSIS/Include -I../Drivers/CMSIS/Device/ST/STM32L0xx/Include -I../Drivers/STM32L0xx_HAL_Driver/Inc -O0 -ffunction-sections -fdata-sections -g -fstack-usage -Wall -o Drivers\STM32L0xx_HAL_Driver\Src\stm32l0xx_ll_tim.o 
arm-atollic-eabi-gcc -c ..\Drivers\STM32L0xx_HAL_Driver\Src\stm32l0xx_hal_rng.c -mthumb -mcpu=cortex-m0plus -std=gnu11 -DSTM32L073xx -I../src -I../Inc -I../Drivers/CMSIS/Include -I../Drivers/CMSIS/Device/ST/STM32L0xx/Include -I../Drivers/STM32L0xx_HAL_Driver/Inc -O0 -ffunction-sections -fdata-sections -g -fstack-usage -Wall -o Drivers\STM32L0xx_HAL_Driver\Src\stm32l0xx_hal_rng.o 
arm-atollic-eabi-gcc -c ..\Drivers\STM32L0xx_HAL_Driver\Src\stm32l0xx_ll_rtc.c -mthumb -mcpu=cortex-m0plus -std=gnu11 -DSTM32L073xx -I../src -I../Inc -I../Drivers/CMSIS/Include -I../Drivers/CMSIS/Device/ST/STM32L0xx/Include -I../Drivers/STM32L0xx_HAL_Driver/Inc -O0 -ffunction-sections -fdata-sections -g -fstack-usage -Wall -o Drivers\STM32L0xx_HAL_Driver\Src\stm32l0xx_ll_rtc.o 
arm-atollic-eabi-gcc -c ..\Drivers\STM32L0xx_HAL_Driver\Src\stm32l0xx_hal_uart_ex.c -mthumb -mcpu=cortex-m0plus -std=gnu11 -DSTM32L073xx -I../src -I../Inc -I../Drivers/CMSIS/Include -I../Drivers/CMSIS/Device/ST/STM32L0xx/Include -I../Drivers/STM32L0xx_HAL_Driver/Inc -O0 -ffunction-sections -fdata-sections -g -fstack-usage -Wall -o Drivers\STM32L0xx_HAL_Driver\Src\stm32l0xx_hal_uart_ex.o 
..\Drivers\STM32L0xx_HAL_Driver\Src\stm32l0xx_hal_uart_ex.c: In function 'HAL_UARTEx_EnableClockStopMode':
..\Drivers\STM32L0xx_HAL_Driver\Src\stm32l0xx_hal_uart_ex.c:336:3: warning: implicit declaration of function 'ATOMIC_SET_BIT' [-Wimplicit-function-declaration]
   ATOMIC_SET_BIT(huart->Instance->CR3, USART_CR3_UCESM);
   ^~~~~~~~~~~~~~
arm-atollic-eabi-gcc -c ..\Drivers\STM32L0xx_HAL_Driver\Src\stm32l0xx_hal_lcd.c -mthumb -mcpu=cortex-m0plus -std=gnu11 -DSTM32L073xx -I../src -I../Inc -I../Drivers/CMSIS/Include -I../Drivers/CMSIS/Device/ST/STM32L0xx/Include -I../Drivers/STM32L0xx_HAL_Driver/Inc -O0 -ffunction-sections -fdata-sections -g -fstack-usage -Wall -o Drivers\STM32L0xx_HAL_Driver\Src\stm32l0xx_hal_lcd.o 
arm-atollic-eabi-gcc -c ..\Drivers\STM32L0xx_HAL_Driver\Src\stm32l0xx_hal_pcd.c -mthumb -mcpu=cortex-m0plus -std=gnu11 -DSTM32L073xx -I../src -I../Inc -I../Drivers/CMSIS/Include -I../Drivers/CMSIS/Device/ST/STM32L0xx/Include -I../Drivers/STM32L0xx_HAL_Driver/Inc -O0 -ffunction-sections -fdata-sections -g -fstack-usage -Wall -o Drivers\STM32L0xx_HAL_Driver\Src\stm32l0xx_hal_pcd.o 
arm-atollic-eabi-g++ -o application.elf Drivers\STM32L0xx_HAL_Driver\Src\stm32l0xx_hal.o Drivers\STM32L0xx_HAL_Driver\Src\stm32l0xx_hal_adc.o Drivers\STM32L0xx_HAL_Driver\Src\stm32l0xx_hal_adc_ex.o Drivers\STM32L0xx_HAL_Driver\Src\stm32l0xx_hal_comp.o Drivers\STM32L0xx_HAL_Driver\Src\stm32l0xx_hal_comp_ex.o Drivers\STM32L0xx_HAL_Driver\Src\stm32l0xx_hal_cortex.o Drivers\STM32L0xx_HAL_Driver\Src\stm32l0xx_hal_crc.o Drivers\STM32L0xx_HAL_Driver\Src\stm32l0xx_hal_crc_ex.o Drivers\STM32L0xx_HAL_Driver\Src\stm32l0xx_hal_cryp.o Drivers\STM32L0xx_HAL_Driver\Src\stm32l0xx_hal_cryp_ex.o Drivers\STM32L0xx_HAL_Driver\Src\stm32l0xx_hal_dac.o Drivers\STM32L0xx_HAL_Driver\Src\stm32l0xx_hal_dac_ex.o Drivers\STM32L0xx_HAL_Driver\Src\stm32l0xx_hal_dma.o Drivers\STM32L0xx_HAL_Driver\Src\stm32l0xx_hal_exti.o Drivers\STM32L0xx_HAL_Driver\Src\stm32l0xx_hal_firewall.o Drivers\STM32L0xx_HAL_Driver\Src\stm32l0xx_hal_flash.o Drivers\STM32L0xx_HAL_Driver\Src\stm32l0xx_hal_flash_ex.o Drivers\STM32L0xx_HAL_Driver\Src\stm32l0xx_hal_flash_ramfunc.o Drivers\STM32L0xx_HAL_Driver\Src\stm32l0xx_hal_gpio.o Drivers\STM32L0xx_HAL_Driver\Src\stm32l0xx_hal_i2c.o Drivers\STM32L0xx_HAL_Driver\Src\stm32l0xx_hal_i2c_ex.o Drivers\STM32L0xx_HAL_Driver\Src\stm32l0xx_hal_i2s.o Drivers\STM32L0xx_HAL_Driver\Src\stm32l0xx_hal_irda.o Drivers\STM32L0xx_HAL_Driver\Src\stm32l0xx_hal_iwdg.o Drivers\STM32L0xx_HAL_Driver\Src\stm32l0xx_hal_lcd.o Drivers\STM32L0xx_HAL_Driver\Src\stm32l0xx_hal_lptim.o Drivers\STM32L0xx_HAL_Driver\Src\stm32l0xx_hal_msp_template.o Drivers\STM32L0xx_HAL_Driver\Src\stm32l0xx_hal_pcd.o Drivers\STM32L0xx_HAL_Driver\Src\stm32l0xx_hal_pcd_ex.o Drivers\STM32L0xx_HAL_Driver\Src\stm32l0xx_hal_pwr.o Drivers\STM32L0xx_HAL_Driver\Src\stm32l0xx_hal_pwr_ex.o Drivers\STM32L0xx_HAL_Driver\Src\stm32l0xx_hal_rcc.o Drivers\STM32L0xx_HAL_Driver\Src\stm32l0xx_hal_rcc_ex.o Drivers\STM32L0xx_HAL_Driver\Src\stm32l0xx_hal_rng.o Drivers\STM32L0xx_HAL_Driver\Src\stm32l0xx_hal_rtc.o Drivers\STM32L0xx_HAL_Driver\Src\stm32l0xx_hal_rtc_ex.o Drivers\STM32L0xx_HAL_Driver\Src\stm32l0xx_hal_smartcard.o Drivers\STM32L0xx_HAL_Driver\Src\stm32l0xx_hal_smartcard_ex.o Drivers\STM32L0xx_HAL_Driver\Src\stm32l0xx_hal_smbus.o Drivers\STM32L0xx_HAL_Driver\Src\stm32l0xx_hal_smbus_ex.o Drivers\STM32L0xx_HAL_Driver\Src\stm32l0xx_hal_spi.o Drivers\STM32L0xx_HAL_Driver\Src\stm32l0xx_hal_tim.o Drivers\STM32L0xx_HAL_Driver\Src\stm32l0xx_hal_tim_ex.o Drivers\STM32L0xx_HAL_Driver\Src\stm32l0xx_hal_timebase_tim_template.o Drivers\STM32L0xx_HAL_Driver\Src\stm32l0xx_hal_tsc.o Drivers\STM32L0xx_HAL_Driver\Src\stm32l0xx_hal_uart.o Drivers\STM32L0xx_HAL_Driver\Src\stm32l0xx_hal_uart_ex.o Drivers\STM32L0xx_HAL_Driver\Src\stm32l0xx_hal_usart.o Drivers\STM32L0xx_HAL_Driver\Src\stm32l0xx_hal_wwdg.o Drivers\STM32L0xx_HAL_Driver\Src\stm32l0xx_ll_adc.o Drivers\STM32L0xx_HAL_Driver\Src\stm32l0xx_ll_comp.o Drivers\STM32L0xx_HAL_Driver\Src\stm32l0xx_ll_crc.o Drivers\STM32L0xx_HAL_Driver\Src\stm32l0xx_ll_crs.o Drivers\STM32L0xx_HAL_Driver\Src\stm32l0xx_ll_dac.o Drivers\STM32L0xx_HAL_Driver\Src\stm32l0xx_ll_dma.o Drivers\STM32L0xx_HAL_Driver\Src\stm32l0xx_ll_exti.o Drivers\STM32L0xx_HAL_Driver\Src\stm32l0xx_ll_gpio.o Drivers\STM32L0xx_HAL_Driver\Src\stm32l0xx_ll_i2c.o Drivers\STM32L0xx_HAL_Driver\Src\stm32l0xx_ll_lptim.o Drivers\STM32L0xx_HAL_Driver\Src\stm32l0xx_ll_lpuart.o Drivers\STM32L0xx_HAL_Driver\Src\stm32l0xx_ll_pwr.o Drivers\STM32L0xx_HAL_Driver\Src\stm32l0xx_ll_rcc.o Drivers\STM32L0xx_HAL_Driver\Src\stm32l0xx_ll_rng.o Drivers\STM32L0xx_HAL_Driver\Src\stm32l0xx_ll_rtc.o Drivers\STM32L0xx_HAL_Driver\Src\stm32l0xx_ll_spi.o Drivers\STM32L0xx_HAL_Driver\Src\stm32l0xx_ll_tim.o Drivers\STM32L0xx_HAL_Driver\Src\stm32l0xx_ll_usart.o Drivers\STM32L0xx_HAL_Driver\Src\stm32l0xx_ll_usb.o Drivers\STM32L0xx_HAL_Driver\Src\stm32l0xx_ll_utils.o src\main.o src\startup_stm32l073xx.o src\system_stm32l0xx.o src\tiny_printf.o -mthumb -mcpu=cortex-m0plus -T../stm32_flash.ld -specs=nosys.specs -static -Wl,-cref,-u,Reset_Handler -Wl,-Map=application.map -Wl,--gc-sections -Wl,--defsym=malloc_getpagesize_P=0x1000 -Wl,--start-group -lc -lm -lstdc++ -lsupc++ -Wl,--end-group 
C:\Program Files (x86)\Atollic\TrueSTUDIO for STM32 9.3.0\ide\jre\bin\java -jar C:\Program Files (x86)\Atollic\TrueSTUDIO for STM32 9.3.0\Tools\arm-atollic-reports.jar sizeinfo list application.elf 
Generate build reports...
Print size information
   text	   data	    bss	    dec	    hex	filename
   1196	     12	    352	   1560	    618	application.elf
Print size information done
Generate listing file
Output sent to: application.list
Generate listing file done
Generate build reports done
14:49:32 **** Rebuild of configuration Debug for project application ****
Info: Internal Builder is used for build
arm-atollic-eabi-gcc -c ..\Drivers\STM32L0xx_HAL_Driver\Src\stm32l0xx_hal_comp.c -mthumb -mcpu=cortex-m0plus -std=gnu11 -DSTM32L073xx -I../src -I../Inc -I../Drivers/CMSIS/Include -I../Drivers/CMSIS/Device/ST/STM32L0xx/Include -I../Drivers/STM32L0xx_HAL_Driver/Inc -O0 -ffunction-sections -fdata-sections -g -fstack-usage -Wall -o Drivers\STM32L0xx_HAL_Driver\Src\stm32l0xx_hal_comp.o 
arm-atollic-eabi-gcc -c ..\Drivers\STM32L0xx_HAL_Driver\Src\stm32l0xx_hal_rtc_ex.c -mthumb -mcpu=cortex-m0plus -std=gnu11 -DSTM32L073xx -I../src -I../Inc -I../Drivers/CMSIS/Include -I../Drivers/CMSIS/Device/ST/STM32L0xx/Include -I../Drivers/STM32L0xx_HAL_Driver/Inc -O0 -ffunction-sections -fdata-sections -g -fstack-usage -Wall -o Drivers\STM32L0xx_HAL_Driver\Src\stm32l0xx_hal_rtc_ex.o 
arm-atollic-eabi-gcc -c ..\Drivers\STM32L0xx_HAL_Driver\Src\stm32l0xx_hal_msp_template.c -mthumb -mcpu=cortex-m0plus -std=gnu11 -DSTM32L073xx -I../src -I../Inc -I../Drivers/CMSIS/Include -I../Drivers/CMSIS/Device/ST/STM32L0xx/Include -I../Drivers/STM32L0xx_HAL_Driver/Inc -O0 -ffunction-sections -fdata-sections -g -fstack-usage -Wall -o Drivers\STM32L0xx_HAL_Driver\Src\stm32l0xx_hal_msp_template.o 
arm-atollic-eabi-gcc -c ..\Drivers\STM32L0xx_HAL_Driver\Src\stm32l0xx_hal_timebase_tim_template.c -mthumb -mcpu=cortex-m0plus -std=gnu11 -DSTM32L073xx -I../src -I../Inc -I../Drivers/CMSIS/Include -I../Drivers/CMSIS/Device/ST/STM32L0xx/Include -I../Drivers/STM32L0xx_HAL_Driver/Inc -O0 -ffunction-sections -fdata-sections -g -fstack-usage -Wall -o Drivers\STM32L0xx_HAL_Driver\Src\stm32l0xx_hal_timebase_tim_template.o 
arm-atollic-eabi-gcc -c ..\Drivers\STM32L0xx_HAL_Driver\Src\stm32l0xx_ll_usart.c -mthumb -mcpu=cortex-m0plus -std=gnu11 -DSTM32L073xx -I../src -I../Inc -I../Drivers/CMSIS/Include -I../Drivers/CMSIS/Device/ST/STM32L0xx/Include -I../Drivers/STM32L0xx_HAL_Driver/Inc -O0 -ffunction-sections -fdata-sections -g -fstack-usage -Wall -o Drivers\STM32L0xx_HAL_Driver\Src\stm32l0xx_ll_usart.o 
arm-atollic-eabi-gcc -c ..\Drivers\STM32L0xx_HAL_Driver\Src\stm32l0xx_hal_flash_ramfunc.c -mthumb -mcpu=cortex-m0plus -std=gnu11 -DSTM32L073xx -I../src -I../Inc -I../Drivers/CMSIS/Include -I../Drivers/CMSIS/Device/ST/STM32L0xx/Include -I../Drivers/STM32L0xx_HAL_Driver/Inc -O0 -ffunction-sections -fdata-sections -g -fstack-usage -Wall -o Drivers\STM32L0xx_HAL_Driver\Src\stm32l0xx_hal_flash_ramfunc.o 
arm-atollic-eabi-gcc -c ..\src\tiny_printf.c -mthumb -mcpu=cortex-m0plus -std=gnu11 -DSTM32L073xx -I../src -I../Inc -I../Drivers/CMSIS/Include -I../Drivers/CMSIS/Device/ST/STM32L0xx/Include -I../Drivers/STM32L0xx_HAL_Driver/Inc -O0 -ffunction-sections -fdata-sections -g -fstack-usage -Wall -o src\tiny_printf.o 
arm-atollic-eabi-gcc -c ..\Drivers\STM32L0xx_HAL_Driver\Src\stm32l0xx_hal_pwr_ex.c -mthumb -mcpu=cortex-m0plus -std=gnu11 -DSTM32L073xx -I../src -I../Inc -I../Drivers/CMSIS/Include -I../Drivers/CMSIS/Device/ST/STM32L0xx/Include -I../Drivers/STM32L0xx_HAL_Driver/Inc -O0 -ffunction-sections -fdata-sections -g -fstack-usage -Wall -o Drivers\STM32L0xx_HAL_Driver\Src\stm32l0xx_hal_pwr_ex.o 
arm-atollic-eabi-gcc -c ..\Drivers\STM32L0xx_HAL_Driver\Src\stm32l0xx_hal_tim.c -mthumb -mcpu=cortex-m0plus -std=gnu11 -DSTM32L073xx -I../src -I../Inc -I../Drivers/CMSIS/Include -I../Drivers/CMSIS/Device/ST/STM32L0xx/Include -I../Drivers/STM32L0xx_HAL_Driver/Inc -O0 -ffunction-sections -fdata-sections -g -fstack-usage -Wall -o Drivers\STM32L0xx_HAL_Driver\Src\stm32l0xx_hal_tim.o 
arm-atollic-eabi-gcc -c ..\Drivers\STM32L0xx_HAL_Driver\Src\stm32l0xx_hal_wwdg.c -mthumb -mcpu=cortex-m0plus -std=gnu11 -DSTM32L073xx -I../src -I../Inc -I../Drivers/CMSIS/Include -I../Drivers/CMSIS/Device/ST/STM32L0xx/Include -I../Drivers/STM32L0xx_HAL_Driver/Inc -O0 -ffunction-sections -fdata-sections -g -fstack-usage -Wall -o Drivers\STM32L0xx_HAL_Driver\Src\stm32l0xx_hal_wwdg.o 
arm-atollic-eabi-gcc -c ..\Drivers\STM32L0xx_HAL_Driver\Src\stm32l0xx_hal_dac.c -mthumb -mcpu=cortex-m0plus -std=gnu11 -DSTM32L073xx -I../src -I../Inc -I../Drivers/CMSIS/Include -I../Drivers/CMSIS/Device/ST/STM32L0xx/Include -I../Drivers/STM32L0xx_HAL_Driver/Inc -O0 -ffunction-sections -fdata-sections -g -fstack-usage -Wall -o Drivers\STM32L0xx_HAL_Driver\Src\stm32l0xx_hal_dac.o 
arm-atollic-eabi-gcc -c ..\Drivers\STM32L0xx_HAL_Driver\Src\stm32l0xx_hal_smbus_ex.c -mthumb -mcpu=cortex-m0plus -std=gnu11 -DSTM32L073xx -I../src -I../Inc -I../Drivers/CMSIS/Include -I../Drivers/CMSIS/Device/ST/STM32L0xx/Include -I../Drivers/STM32L0xx_HAL_Driver/Inc -O0 -ffunction-sections -fdata-sections -g -fstack-usage -Wall -o Drivers\STM32L0xx_HAL_Driver\Src\stm32l0xx_hal_smbus_ex.o 
arm-atollic-eabi-gcc -c ..\Drivers\STM32L0xx_HAL_Driver\Src\stm32l0xx_ll_utils.c -mthumb -mcpu=cortex-m0plus -std=gnu11 -DSTM32L073xx -I../src -I../Inc -I../Drivers/CMSIS/Include -I../Drivers/CMSIS/Device/ST/STM32L0xx/Include -I../Drivers/STM32L0xx_HAL_Driver/Inc -O0 -ffunction-sections -fdata-sections -g -fstack-usage -Wall -o Drivers\STM32L0xx_HAL_Driver\Src\stm32l0xx_ll_utils.o 
arm-atollic-eabi-gcc -c ..\Drivers\STM32L0xx_HAL_Driver\Src\stm32l0xx_hal_spi.c -mthumb -mcpu=cortex-m0plus -std=gnu11 -DSTM32L073xx -I../src -I../Inc -I../Drivers/CMSIS/Include -I../Drivers/CMSIS/Device/ST/STM32L0xx/Include -I../Drivers/STM32L0xx_HAL_Driver/Inc -O0 -ffunction-sections -fdata-sections -g -fstack-usage -Wall -o Drivers\STM32L0xx_HAL_Driver\Src\stm32l0xx_hal_spi.o 
arm-atollic-eabi-gcc -c ..\Drivers\STM32L0xx_HAL_Driver\Src\stm32l0xx_hal_iwdg.c -mthumb -mcpu=cortex-m0plus -std=gnu11 -DSTM32L073xx -I../src -I../Inc -I../Drivers/CMSIS/Include -I../Drivers/CMSIS/Device/ST/STM32L0xx/Include -I../Drivers/STM32L0xx_HAL_Driver/Inc -O0 -ffunction-sections -fdata-sections -g -fstack-usage -Wall -o Drivers\STM32L0xx_HAL_Driver\Src\stm32l0xx_hal_iwdg.o 
arm-atollic-eabi-gcc -c ..\Drivers\STM32L0xx_HAL_Driver\Src\stm32l0xx_hal_rcc_ex.c -mthumb -mcpu=cortex-m0plus -std=gnu11 -DSTM32L073xx -I../src -I../Inc -I../Drivers/CMSIS/Include -I../Drivers/CMSIS/Device/ST/STM32L0xx/Include -I../Drivers/STM32L0xx_HAL_Driver/Inc -O0 -ffunction-sections -fdata-sections -g -fstack-usage -Wall -o Drivers\STM32L0xx_HAL_Driver\Src\stm32l0xx_hal_rcc_ex.o 
arm-atollic-eabi-gcc -c ..\Drivers\STM32L0xx_HAL_Driver\Src\stm32l0xx_ll_rtc.c -mthumb -mcpu=cortex-m0plus -std=gnu11 -DSTM32L073xx -I../src -I../Inc -I../Drivers/CMSIS/Include -I../Drivers/CMSIS/Device/ST/STM32L0xx/Include -I../Drivers/STM32L0xx_HAL_Driver/Inc -O0 -ffunction-sections -fdata-sections -g -fstack-usage -Wall -o Drivers\STM32L0xx_HAL_Driver\Src\stm32l0xx_ll_rtc.o 
arm-atollic-eabi-gcc -c ..\Drivers\STM32L0xx_HAL_Driver\Src\stm32l0xx_hal_cryp.c -mthumb -mcpu=cortex-m0plus -std=gnu11 -DSTM32L073xx -I../src -I../Inc -I../Drivers/CMSIS/Include -I../Drivers/CMSIS/Device/ST/STM32L0xx/Include -I../Drivers/STM32L0xx_HAL_Driver/Inc -O0 -ffunction-sections -fdata-sections -g -fstack-usage -Wall -o Drivers\STM32L0xx_HAL_Driver\Src\stm32l0xx_hal_cryp.o 
arm-atollic-eabi-gcc -c ..\Drivers\STM32L0xx_HAL_Driver\Src\stm32l0xx_hal_i2s.c -mthumb -mcpu=cortex-m0plus -std=gnu11 -DSTM32L073xx -I../src -I../Inc -I../Drivers/CMSIS/Include -I../Drivers/CMSIS/Device/ST/STM32L0xx/Include -I../Drivers/STM32L0xx_HAL_Driver/Inc -O0 -ffunction-sections -fdata-sections -g -fstack-usage -Wall -o Drivers\STM32L0xx_HAL_Driver\Src\stm32l0xx_hal_i2s.o 
arm-atollic-eabi-gcc -c ..\Drivers\STM32L0xx_HAL_Driver\Src\stm32l0xx_ll_lptim.c -mthumb -mcpu=cortex-m0plus -std=gnu11 -DSTM32L073xx -I../src -I../Inc -I../Drivers/CMSIS/Include -I../Drivers/CMSIS/Device/ST/STM32L0xx/Include -I../Drivers/STM32L0xx_HAL_Driver/Inc -O0 -ffunction-sections -fdata-sections -g -fstack-usage -Wall -o Drivers\STM32L0xx_HAL_Driver\Src\stm32l0xx_ll_lptim.o 
arm-atollic-eabi-gcc -c ..\Drivers\STM32L0xx_HAL_Driver\Src\stm32l0xx_hal_smartcard.c -mthumb -mcpu=cortex-m0plus -std=gnu11 -DSTM32L073xx -I../src -I../Inc -I../Drivers/CMSIS/Include -I../Drivers/CMSIS/Device/ST/STM32L0xx/Include -I../Drivers/STM32L0xx_HAL_Driver/Inc -O0 -ffunction-sections -fdata-sections -g -fstack-usage -Wall -o Drivers\STM32L0xx_HAL_Driver\Src\stm32l0xx_hal_smartcard.o 
arm-atollic-eabi-gcc -c ..\Drivers\STM32L0xx_HAL_Driver\Src\stm32l0xx_hal_pwr.c -mthumb -mcpu=cortex-m0plus -std=gnu11 -DSTM32L073xx -I../src -I../Inc -I../Drivers/CMSIS/Include -I../Drivers/CMSIS/Device/ST/STM32L0xx/Include -I../Drivers/STM32L0xx_HAL_Driver/Inc -O0 -ffunction-sections -fdata-sections -g -fstack-usage -Wall -o Drivers\STM32L0xx_HAL_Driver\Src\stm32l0xx_hal_pwr.o 
arm-atollic-eabi-gcc -c ..\Drivers\STM32L0xx_HAL_Driver\Src\stm32l0xx_ll_adc.c -mthumb -mcpu=cortex-m0plus -std=gnu11 -DSTM32L073xx -I../src -I../Inc -I../Drivers/CMSIS/Include -I../Drivers/CMSIS/Device/ST/STM32L0xx/Include -I../Drivers/STM32L0xx_HAL_Driver/Inc -O0 -ffunction-sections -fdata-sections -g -fstack-usage -Wall -o Drivers\STM32L0xx_HAL_Driver\Src\stm32l0xx_ll_adc.o 
arm-atollic-eabi-gcc -c ..\Drivers\STM32L0xx_HAL_Driver\Src\stm32l0xx_hal_crc.c -mthumb -mcpu=cortex-m0plus -std=gnu11 -DSTM32L073xx -I../src -I../Inc -I../Drivers/CMSIS/Include -I../Drivers/CMSIS/Device/ST/STM32L0xx/Include -I../Drivers/STM32L0xx_HAL_Driver/Inc -O0 -ffunction-sections -fdata-sections -g -fstack-usage -Wall -o Drivers\STM32L0xx_HAL_Driver\Src\stm32l0xx_hal_crc.o 
arm-atollic-eabi-gcc -c ..\Drivers\STM32L0xx_HAL_Driver\Src\stm32l0xx_hal_crc_ex.c -mthumb -mcpu=cortex-m0plus -std=gnu11 -DSTM32L073xx -I../src -I../Inc -I../Drivers/CMSIS/Include -I../Drivers/CMSIS/Device/ST/STM32L0xx/Include -I../Drivers/STM32L0xx_HAL_Driver/Inc -O0 -ffunction-sections -fdata-sections -g -fstack-usage -Wall -o Drivers\STM32L0xx_HAL_Driver\Src\stm32l0xx_hal_crc_ex.o 
arm-atollic-eabi-gcc -c ..\Drivers\STM32L0xx_HAL_Driver\Src\stm32l0xx_hal_rtc.c -mthumb -mcpu=cortex-m0plus -std=gnu11 -DSTM32L073xx -I../src -I../Inc -I../Drivers/CMSIS/Include -I../Drivers/CMSIS/Device/ST/STM32L0xx/Include -I../Drivers/STM32L0xx_HAL_Driver/Inc -O0 -ffunction-sections -fdata-sections -g -fstack-usage -Wall -o Drivers\STM32L0xx_HAL_Driver\Src\stm32l0xx_hal_rtc.o 
arm-atollic-eabi-gcc -c ..\Drivers\STM32L0xx_HAL_Driver\Src\stm32l0xx_hal_i2c_ex.c -mthumb -mcpu=cortex-m0plus -std=gnu11 -DSTM32L073xx -I../src -I../Inc -I../Drivers/CMSIS/Include -I../Drivers/CMSIS/Device/ST/STM32L0xx/Include -I../Drivers/STM32L0xx_HAL_Driver/Inc -O0 -ffunction-sections -fdata-sections -g -fstack-usage -Wall -o Drivers\STM32L0xx_HAL_Driver\Src\stm32l0xx_hal_i2c_ex.o 
arm-atollic-eabi-gcc -c -mthumb -mcpu=cortex-m0plus -DSTM32L073xx -I../src -I../Drivers/CMSIS/Include -I../Drivers/CMSIS/Device/ST/STM32L0xx/Include -I../Drivers/STM32L0xx_HAL_Driver/Inc -g -Wa,--warn -x assembler-with-cpp -o src\startup_stm32l073xx.o ..\src\startup_stm32l073xx.s 
arm-atollic-eabi-gcc -c ..\Drivers\STM32L0xx_HAL_Driver\Src\stm32l0xx_hal_flash.c -mthumb -mcpu=cortex-m0plus -std=gnu11 -DSTM32L073xx -I../src -I../Inc -I../Drivers/CMSIS/Include -I../Drivers/CMSIS/Device/ST/STM32L0xx/Include -I../Drivers/STM32L0xx_HAL_Driver/Inc -O0 -ffunction-sections -fdata-sections -g -fstack-usage -Wall -o Drivers\STM32L0xx_HAL_Driver\Src\stm32l0xx_hal_flash.o 
arm-atollic-eabi-gcc -c ..\Drivers\STM32L0xx_HAL_Driver\Src\stm32l0xx_hal_i2c.c -mthumb -mcpu=cortex-m0plus -std=gnu11 -DSTM32L073xx -I../src -I../Inc -I../Drivers/CMSIS/Include -I../Drivers/CMSIS/Device/ST/STM32L0xx/Include -I../Drivers/STM32L0xx_HAL_Driver/Inc -O0 -ffunction-sections -fdata-sections -g -fstack-usage -Wall -o Drivers\STM32L0xx_HAL_Driver\Src\stm32l0xx_hal_i2c.o 
arm-atollic-eabi-gcc -c ..\Drivers\STM32L0xx_HAL_Driver\Src\stm32l0xx_ll_gpio.c -mthumb -mcpu=cortex-m0plus -std=gnu11 -DSTM32L073xx -I../src -I../Inc -I../Drivers/CMSIS/Include -I../Drivers/CMSIS/Device/ST/STM32L0xx/Include -I../Drivers/STM32L0xx_HAL_Driver/Inc -O0 -ffunction-sections -fdata-sections -g -fstack-usage -Wall -o Drivers\STM32L0xx_HAL_Driver\Src\stm32l0xx_ll_gpio.o 
arm-atollic-eabi-gcc -c ..\Drivers\STM32L0xx_HAL_Driver\Src\stm32l0xx_hal_usart.c -mthumb -mcpu=cortex-m0plus -std=gnu11 -DSTM32L073xx -I../src -I../Inc -I../Drivers/CMSIS/Include -I../Drivers/CMSIS/Device/ST/STM32L0xx/Include -I../Drivers/STM32L0xx_HAL_Driver/Inc -O0 -ffunction-sections -fdata-sections -g -fstack-usage -Wall -o Drivers\STM32L0xx_HAL_Driver\Src\stm32l0xx_hal_usart.o 
arm-atollic-eabi-gcc -c ..\Drivers\STM32L0xx_HAL_Driver\Src\stm32l0xx_ll_dac.c -mthumb -mcpu=cortex-m0plus -std=gnu11 -DSTM32L073xx -I../src -I../Inc -I../Drivers/CMSIS/Include -I../Drivers/CMSIS/Device/ST/STM32L0xx/Include -I../Drivers/STM32L0xx_HAL_Driver/Inc -O0 -ffunction-sections -fdata-sections -g -fstack-usage -Wall -o Drivers\STM32L0xx_HAL_Driver\Src\stm32l0xx_ll_dac.o 
arm-atollic-eabi-gcc -c ..\Drivers\STM32L0xx_HAL_Driver\Src\stm32l0xx_ll_spi.c -mthumb -mcpu=cortex-m0plus -std=gnu11 -DSTM32L073xx -I../src -I../Inc -I../Drivers/CMSIS/Include -I../Drivers/CMSIS/Device/ST/STM32L0xx/Include -I../Drivers/STM32L0xx_HAL_Driver/Inc -O0 -ffunction-sections -fdata-sections -g -fstack-usage -Wall -o Drivers\STM32L0xx_HAL_Driver\Src\stm32l0xx_ll_spi.o 
arm-atollic-eabi-g++ -c ..\src\main.cpp -mthumb -mcpu=cortex-m0plus -std=gnu++98 -DSTM32L073xx -I../src -I../Drivers/CMSIS/Include -I../Drivers/CMSIS/Device/ST/STM32L0xx/Include -I../Drivers/STM32L0xx_HAL_Driver/Inc -O0 -ffunction-sections -fdata-sections -fno-rtti -fno-exceptions -g -fstack-usage -Wall -fno-threadsafe-statics -o src\main.o 
arm-atollic-eabi-gcc -c ..\Drivers\STM32L0xx_HAL_Driver\Src\stm32l0xx_ll_crs.c -mthumb -mcpu=cortex-m0plus -std=gnu11 -DSTM32L073xx -I../src -I../Inc -I../Drivers/CMSIS/Include -I../Drivers/CMSIS/Device/ST/STM32L0xx/Include -I../Drivers/STM32L0xx_HAL_Driver/Inc -O0 -ffunction-sections -fdata-sections -g -fstack-usage -Wall -o Drivers\STM32L0xx_HAL_Driver\Src\stm32l0xx_ll_crs.o 
arm-atollic-eabi-gcc -c ..\Drivers\STM32L0xx_HAL_Driver\Src\stm32l0xx_hal_gpio.c -mthumb -mcpu=cortex-m0plus -std=gnu11 -DSTM32L073xx -I../src -I../Inc -I../Drivers/CMSIS/Include -I../Drivers/CMSIS/Device/ST/STM32L0xx/Include -I../Drivers/STM32L0xx_HAL_Driver/Inc -O0 -ffunction-sections -fdata-sections -g -fstack-usage -Wall -o Drivers\STM32L0xx_HAL_Driver\Src\stm32l0xx_hal_gpio.o 
arm-atollic-eabi-gcc -c ..\src\system_stm32l0xx.c -mthumb -mcpu=cortex-m0plus -std=gnu11 -DSTM32L073xx -I../src -I../Inc -I../Drivers/CMSIS/Include -I../Drivers/CMSIS/Device/ST/STM32L0xx/Include -I../Drivers/STM32L0xx_HAL_Driver/Inc -O0 -ffunction-sections -fdata-sections -g -fstack-usage -Wall -o src\system_stm32l0xx.o 
arm-atollic-eabi-gcc -c ..\Drivers\STM32L0xx_HAL_Driver\Src\stm32l0xx_ll_exti.c -mthumb -mcpu=cortex-m0plus -std=gnu11 -DSTM32L073xx -I../src -I../Inc -I../Drivers/CMSIS/Include -I../Drivers/CMSIS/Device/ST/STM32L0xx/Include -I../Drivers/STM32L0xx_HAL_Driver/Inc -O0 -ffunction-sections -fdata-sections -g -fstack-usage -Wall -o Drivers\STM32L0xx_HAL_Driver\Src\stm32l0xx_ll_exti.o 
arm-atollic-eabi-gcc -c ..\Drivers\STM32L0xx_HAL_Driver\Src\stm32l0xx_hal_cryp_ex.c -mthumb -mcpu=cortex-m0plus -std=gnu11 -DSTM32L073xx -I../src -I../Inc -I../Drivers/CMSIS/Include -I../Drivers/CMSIS/Device/ST/STM32L0xx/Include -I../Drivers/STM32L0xx_HAL_Driver/Inc -O0 -ffunction-sections -fdata-sections -g -fstack-usage -Wall -o Drivers\STM32L0xx_HAL_Driver\Src\stm32l0xx_hal_cryp_ex.o 
arm-atollic-eabi-gcc -c ..\Drivers\STM32L0xx_HAL_Driver\Src\stm32l0xx_hal_dac_ex.c -mthumb -mcpu=cortex-m0plus -std=gnu11 -DSTM32L073xx -I../src -I../Inc -I../Drivers/CMSIS/Include -I../Drivers/CMSIS/Device/ST/STM32L0xx/Include -I../Drivers/STM32L0xx_HAL_Driver/Inc -O0 -ffunction-sections -fdata-sections -g -fstack-usage -Wall -o Drivers\STM32L0xx_HAL_Driver\Src\stm32l0xx_hal_dac_ex.o 
arm-atollic-eabi-gcc -c ..\Drivers\STM32L0xx_HAL_Driver\Src\stm32l0xx_hal_tim_ex.c -mthumb -mcpu=cortex-m0plus -std=gnu11 -DSTM32L073xx -I../src -I../Inc -I../Drivers/CMSIS/Include -I../Drivers/CMSIS/Device/ST/STM32L0xx/Include -I../Drivers/STM32L0xx_HAL_Driver/Inc -O0 -ffunction-sections -fdata-sections -g -fstack-usage -Wall -o Drivers\STM32L0xx_HAL_Driver\Src\stm32l0xx_hal_tim_ex.o 
arm-atollic-eabi-gcc -c ..\Drivers\STM32L0xx_HAL_Driver\Src\stm32l0xx_ll_tim.c -mthumb -mcpu=cortex-m0plus -std=gnu11 -DSTM32L073xx -I../src -I../Inc -I../Drivers/CMSIS/Include -I../Drivers/CMSIS/Device/ST/STM32L0xx/Include -I../Drivers/STM32L0xx_HAL_Driver/Inc -O0 -ffunction-sections -fdata-sections -g -fstack-usage -Wall -o Drivers\STM32L0xx_HAL_Driver\Src\stm32l0xx_ll_tim.o 
arm-atollic-eabi-gcc -c ..\Drivers\STM32L0xx_HAL_Driver\Src\stm32l0xx_hal_uart_ex.c -mthumb -mcpu=cortex-m0plus -std=gnu11 -DSTM32L073xx -I../src -I../Inc -I../Drivers/CMSIS/Include -I../Drivers/CMSIS/Device/ST/STM32L0xx/Include -I../Drivers/STM32L0xx_HAL_Driver/Inc -O0 -ffunction-sections -fdata-sections -g -fstack-usage -Wall -o Drivers\STM32L0xx_HAL_Driver\Src\stm32l0xx_hal_uart_ex.o 
arm-atollic-eabi-gcc -c ..\Drivers\STM32L0xx_HAL_Driver\Src\stm32l0xx_ll_comp.c -mthumb -mcpu=cortex-m0plus -std=gnu11 -DSTM32L073xx -I../src -I../Inc -I../Drivers/CMSIS/Include -I../Drivers/CMSIS/Device/ST/STM32L0xx/Include -I../Drivers/STM32L0xx_HAL_Driver/Inc -O0 -ffunction-sections -fdata-sections -g -fstack-usage -Wall -o Drivers\STM32L0xx_HAL_Driver\Src\stm32l0xx_ll_comp.o 
arm-atollic-eabi-gcc -c ..\Drivers\STM32L0xx_HAL_Driver\Src\stm32l0xx_ll_rcc.c -mthumb -mcpu=cortex-m0plus -std=gnu11 -DSTM32L073xx -I../src -I../Inc -I../Drivers/CMSIS/Include -I../Drivers/CMSIS/Device/ST/STM32L0xx/Include -I../Drivers/STM32L0xx_HAL_Driver/Inc -O0 -ffunction-sections -fdata-sections -g -fstack-usage -Wall -o Drivers\STM32L0xx_HAL_Driver\Src\stm32l0xx_ll_rcc.o 
arm-atollic-eabi-gcc -c ..\Drivers\STM32L0xx_HAL_Driver\Src\stm32l0xx_hal_lcd.c -mthumb -mcpu=cortex-m0plus -std=gnu11 -DSTM32L073xx -I../src -I../Inc -I../Drivers/CMSIS/Include -I../Drivers/CMSIS/Device/ST/STM32L0xx/Include -I../Drivers/STM32L0xx_HAL_Driver/Inc -O0 -ffunction-sections -fdata-sections -g -fstack-usage -Wall -o Drivers\STM32L0xx_HAL_Driver\Src\stm32l0xx_hal_lcd.o 
arm-atollic-eabi-gcc -c ..\Drivers\STM32L0xx_HAL_Driver\Src\stm32l0xx_hal.c -mthumb -mcpu=cortex-m0plus -std=gnu11 -DSTM32L073xx -I../src -I../Inc -I../Drivers/CMSIS/Include -I../Drivers/CMSIS/Device/ST/STM32L0xx/Include -I../Drivers/STM32L0xx_HAL_Driver/Inc -O0 -ffunction-sections -fdata-sections -g -fstack-usage -Wall -o Drivers\STM32L0xx_HAL_Driver\Src\stm32l0xx_hal.o 
arm-atollic-eabi-gcc -c ..\Drivers\STM32L0xx_HAL_Driver\Src\stm32l0xx_hal_lptim.c -mthumb -mcpu=cortex-m0plus -std=gnu11 -DSTM32L073xx -I../src -I../Inc -I../Drivers/CMSIS/Include -I../Drivers/CMSIS/Device/ST/STM32L0xx/Include -I../Drivers/STM32L0xx_HAL_Driver/Inc -O0 -ffunction-sections -fdata-sections -g -fstack-usage -Wall -o Drivers\STM32L0xx_HAL_Driver\Src\stm32l0xx_hal_lptim.o 
arm-atollic-eabi-gcc -c ..\Drivers\STM32L0xx_HAL_Driver\Src\stm32l0xx_hal_pcd.c -mthumb -mcpu=cortex-m0plus -std=gnu11 -DSTM32L073xx -I../src -I../Inc -I../Drivers/CMSIS/Include -I../Drivers/CMSIS/Device/ST/STM32L0xx/Include -I../Drivers/STM32L0xx_HAL_Driver/Inc -O0 -ffunction-sections -fdata-sections -g -fstack-usage -Wall -o Drivers\STM32L0xx_HAL_Driver\Src\stm32l0xx_hal_pcd.o 
arm-atollic-eabi-gcc -c ..\Drivers\STM32L0xx_HAL_Driver\Src\stm32l0xx_hal_pcd_ex.c -mthumb -mcpu=cortex-m0plus -std=gnu11 -DSTM32L073xx -I../src -I../Inc -I../Drivers/CMSIS/Include -I../Drivers/CMSIS/Device/ST/STM32L0xx/Include -I../Drivers/STM32L0xx_HAL_Driver/Inc -O0 -ffunction-sections -fdata-sections -g -fstack-usage -Wall -o Drivers\STM32L0xx_HAL_Driver\Src\stm32l0xx_hal_pcd_ex.o 
arm-atollic-eabi-gcc -c ..\Drivers\STM32L0xx_HAL_Driver\Src\stm32l0xx_hal_adc_ex.c -mthumb -mcpu=cortex-m0plus -std=gnu11 -DSTM32L073xx -I../src -I../Inc -I../Drivers/CMSIS/Include -I../Drivers/CMSIS/Device/ST/STM32L0xx/Include -I../Drivers/STM32L0xx_HAL_Driver/Inc -O0 -ffunction-sections -fdata-sections -g -fstack-usage -Wall -o Drivers\STM32L0xx_HAL_Driver\Src\stm32l0xx_hal_adc_ex.o 
arm-atollic-eabi-gcc -c ..\Drivers\STM32L0xx_HAL_Driver\Src\stm32l0xx_ll_i2c.c -mthumb -mcpu=cortex-m0plus -std=gnu11 -DSTM32L073xx -I../src -I../Inc -I../Drivers/CMSIS/Include -I../Drivers/CMSIS/Device/ST/STM32L0xx/Include -I../Drivers/STM32L0xx_HAL_Driver/Inc -O0 -ffunction-sections -fdata-sections -g -fstack-usage -Wall -o Drivers\STM32L0xx_HAL_Driver\Src\stm32l0xx_ll_i2c.o 
arm-atollic-eabi-gcc -c ..\Drivers\STM32L0xx_HAL_Driver\Src\stm32l0xx_ll_usb.c -mthumb -mcpu=cortex-m0plus -std=gnu11 -DSTM32L073xx -I../src -I../Inc -I../Drivers/CMSIS/Include -I../Drivers/CMSIS/Device/ST/STM32L0xx/Include -I../Drivers/STM32L0xx_HAL_Driver/Inc -O0 -ffunction-sections -fdata-sections -g -fstack-usage -Wall -o Drivers\STM32L0xx_HAL_Driver\Src\stm32l0xx_ll_usb.o 
arm-atollic-eabi-gcc -c ..\Drivers\STM32L0xx_HAL_Driver\Src\stm32l0xx_hal_comp_ex.c -mthumb -mcpu=cortex-m0plus -std=gnu11 -DSTM32L073xx -I../src -I../Inc -I../Drivers/CMSIS/Include -I../Drivers/CMSIS/Device/ST/STM32L0xx/Include -I../Drivers/STM32L0xx_HAL_Driver/Inc -O0 -ffunction-sections -fdata-sections -g -fstack-usage -Wall -o Drivers\STM32L0xx_HAL_Driver\Src\stm32l0xx_hal_comp_ex.o 
arm-atollic-eabi-gcc -c ..\Drivers\STM32L0xx_HAL_Driver\Src\stm32l0xx_hal_smbus.c -mthumb -mcpu=cortex-m0plus -std=gnu11 -DSTM32L073xx -I../src -I../Inc -I../Drivers/CMSIS/Include -I../Drivers/CMSIS/Device/ST/STM32L0xx/Include -I../Drivers/STM32L0xx_HAL_Driver/Inc -O0 -ffunction-sections -fdata-sections -g -fstack-usage -Wall -o Drivers\STM32L0xx_HAL_Driver\Src\stm32l0xx_hal_smbus.o 
arm-atollic-eabi-gcc -c ..\Drivers\STM32L0xx_HAL_Driver\Src\stm32l0xx_ll_lpuart.c -mthumb -mcpu=cortex-m0plus -std=gnu11 -DSTM32L073xx -I../src -I../Inc -I../Drivers/CMSIS/Include -I../Drivers/CMSIS/Device/ST/STM32L0xx/Include -I../Drivers/STM32L0xx_HAL_Driver/Inc -O0 -ffunction-sections -fdata-sections -g -fstack-usage -Wall -o Drivers\STM32L0xx_HAL_Driver\Src\stm32l0xx_ll_lpuart.o 
arm-atollic-eabi-gcc -c ..\Drivers\STM32L0xx_HAL_Driver\Src\stm32l0xx_hal_tsc.c -mthumb -mcpu=cortex-m0plus -std=gnu11 -DSTM32L073xx -I../src -I../Inc -I../Drivers/CMSIS/Include -I../Drivers/CMSIS/Device/ST/STM32L0xx/Include -I../Drivers/STM32L0xx_HAL_Driver/Inc -O0 -ffunction-sections -fdata-sections -g -fstack-usage -Wall -o Drivers\STM32L0xx_HAL_Driver\Src\stm32l0xx_hal_tsc.o 
arm-atollic-eabi-gcc -c ..\Drivers\STM32L0xx_HAL_Driver\Src\stm32l0xx_ll_crc.c -mthumb -mcpu=cortex-m0plus -std=gnu11 -DSTM32L073xx -I../src -I../Inc -I../Drivers/CMSIS/Include -I../Drivers/CMSIS/Device/ST/STM32L0xx/Include -I../Drivers/STM32L0xx_HAL_Driver/Inc -O0 -ffunction-sections -fdata-sections -g -fstack-usage -Wall -o Drivers\STM32L0xx_HAL_Driver\Src\stm32l0xx_ll_crc.o 
arm-atollic-eabi-gcc -c ..\Drivers\STM32L0xx_HAL_Driver\Src\stm32l0xx_ll_rng.c -mthumb -mcpu=cortex-m0plus -std=gnu11 -DSTM32L073xx -I../src -I../Inc -I../Drivers/CMSIS/Include -I../Drivers/CMSIS/Device/ST/STM32L0xx/Include -I../Drivers/STM32L0xx_HAL_Driver/Inc -O0 -ffunction-sections -fdata-sections -g -fstack-usage -Wall -o Drivers\STM32L0xx_HAL_Driver\Src\stm32l0xx_ll_rng.o 
arm-atollic-eabi-gcc -c ..\Drivers\STM32L0xx_HAL_Driver\Src\stm32l0xx_hal_exti.c -mthumb -mcpu=cortex-m0plus -std=gnu11 -DSTM32L073xx -I../src -I../Inc -I../Drivers/CMSIS/Include -I../Drivers/CMSIS/Device/ST/STM32L0xx/Include -I../Drivers/STM32L0xx_HAL_Driver/Inc -O0 -ffunction-sections -fdata-sections -g -fstack-usage -Wall -o Drivers\STM32L0xx_HAL_Driver\Src\stm32l0xx_hal_exti.o 
arm-atollic-eabi-gcc -c ..\Drivers\STM32L0xx_HAL_Driver\Src\stm32l0xx_hal_uart.c -mthumb -mcpu=cortex-m0plus -std=gnu11 -DSTM32L073xx -I../src -I../Inc -I../Drivers/CMSIS/Include -I../Drivers/CMSIS/Device/ST/STM32L0xx/Include -I../Drivers/STM32L0xx_HAL_Driver/Inc -O0 -ffunction-sections -fdata-sections -g -fstack-usage -Wall -o Drivers\STM32L0xx_HAL_Driver\Src\stm32l0xx_hal_uart.o 
arm-atollic-eabi-gcc -c ..\Drivers\STM32L0xx_HAL_Driver\Src\stm32l0xx_hal_adc.c -mthumb -mcpu=cortex-m0plus -std=gnu11 -DSTM32L073xx -I../src -I../Inc -I../Drivers/CMSIS/Include -I../Drivers/CMSIS/Device/ST/STM32L0xx/Include -I../Drivers/STM32L0xx_HAL_Driver/Inc -O0 -ffunction-sections -fdata-sections -g -fstack-usage -Wall -o Drivers\STM32L0xx_HAL_Driver\Src\stm32l0xx_hal_adc.o 
arm-atollic-eabi-gcc -c ..\Drivers\STM32L0xx_HAL_Driver\Src\stm32l0xx_hal_irda.c -mthumb -mcpu=cortex-m0plus -std=gnu11 -DSTM32L073xx -I../src -I../Inc -I../Drivers/CMSIS/Include -I../Drivers/CMSIS/Device/ST/STM32L0xx/Include -I../Drivers/STM32L0xx_HAL_Driver/Inc -O0 -ffunction-sections -fdata-sections -g -fstack-usage -Wall -o Drivers\STM32L0xx_HAL_Driver\Src\stm32l0xx_hal_irda.o 
arm-atollic-eabi-gcc -c ..\Drivers\STM32L0xx_HAL_Driver\Src\stm32l0xx_hal_rng.c -mthumb -mcpu=cortex-m0plus -std=gnu11 -DSTM32L073xx -I../src -I../Inc -I../Drivers/CMSIS/Include -I../Drivers/CMSIS/Device/ST/STM32L0xx/Include -I../Drivers/STM32L0xx_HAL_Driver/Inc -O0 -ffunction-sections -fdata-sections -g -fstack-usage -Wall -o Drivers\STM32L0xx_HAL_Driver\Src\stm32l0xx_hal_rng.o 
arm-atollic-eabi-gcc -c ..\Drivers\STM32L0xx_HAL_Driver\Src\stm32l0xx_hal_cortex.c -mthumb -mcpu=cortex-m0plus -std=gnu11 -DSTM32L073xx -I../src -I../Inc -I../Drivers/CMSIS/Include -I../Drivers/CMSIS/Device/ST/STM32L0xx/Include -I../Drivers/STM32L0xx_HAL_Driver/Inc -O0 -ffunction-sections -fdata-sections -g -fstack-usage -Wall -o Drivers\STM32L0xx_HAL_Driver\Src\stm32l0xx_hal_cortex.o 
arm-atollic-eabi-gcc -c ..\Drivers\STM32L0xx_HAL_Driver\Src\stm32l0xx_hal_dma.c -mthumb -mcpu=cortex-m0plus -std=gnu11 -DSTM32L073xx -I../src -I../Inc -I../Drivers/CMSIS/Include -I../Drivers/CMSIS/Device/ST/STM32L0xx/Include -I../Drivers/STM32L0xx_HAL_Driver/Inc -O0 -ffunction-sections -fdata-sections -g -fstack-usage -Wall -o Drivers\STM32L0xx_HAL_Driver\Src\stm32l0xx_hal_dma.o 
arm-atollic-eabi-gcc -c ..\Drivers\STM32L0xx_HAL_Driver\Src\stm32l0xx_hal_firewall.c -mthumb -mcpu=cortex-m0plus -std=gnu11 -DSTM32L073xx -I../src -I../Inc -I../Drivers/CMSIS/Include -I../Drivers/CMSIS/Device/ST/STM32L0xx/Include -I../Drivers/STM32L0xx_HAL_Driver/Inc -O0 -ffunction-sections -fdata-sections -g -fstack-usage -Wall -o Drivers\STM32L0xx_HAL_Driver\Src\stm32l0xx_hal_firewall.o 
arm-atollic-eabi-gcc -c ..\Drivers\STM32L0xx_HAL_Driver\Src\stm32l0xx_hal_flash_ex.c -mthumb -mcpu=cortex-m0plus -std=gnu11 -DSTM32L073xx -I../src -I../Inc -I../Drivers/CMSIS/Include -I../Drivers/CMSIS/Device/ST/STM32L0xx/Include -I../Drivers/STM32L0xx_HAL_Driver/Inc -O0 -ffunction-sections -fdata-sections -g -fstack-usage -Wall -o Drivers\STM32L0xx_HAL_Driver\Src\stm32l0xx_hal_flash_ex.o 
arm-atollic-eabi-gcc -c ..\Drivers\STM32L0xx_HAL_Driver\Src\stm32l0xx_ll_pwr.c -mthumb -mcpu=cortex-m0plus -std=gnu11 -DSTM32L073xx -I../src -I../Inc -I../Drivers/CMSIS/Include -I../Drivers/CMSIS/Device/ST/STM32L0xx/Include -I../Drivers/STM32L0xx_HAL_Driver/Inc -O0 -ffunction-sections -fdata-sections -g -fstack-usage -Wall -o Drivers\STM32L0xx_HAL_Driver\Src\stm32l0xx_ll_pwr.o 
arm-atollic-eabi-gcc -c ..\Drivers\STM32L0xx_HAL_Driver\Src\stm32l0xx_hal_rcc.c -mthumb -mcpu=cortex-m0plus -std=gnu11 -DSTM32L073xx -I../src -I../Inc -I../Drivers/CMSIS/Include -I../Drivers/CMSIS/Device/ST/STM32L0xx/Include -I../Drivers/STM32L0xx_HAL_Driver/Inc -O0 -ffunction-sections -fdata-sections -g -fstack-usage -Wall -o Drivers\STM32L0xx_HAL_Driver\Src\stm32l0xx_hal_rcc.o 
arm-atollic-eabi-gcc -c ..\Drivers\STM32L0xx_HAL_Driver\Src\stm32l0xx_hal_smartcard_ex.c -mthumb -mcpu=cortex-m0plus -std=gnu11 -DSTM32L073xx -I../src -I../Inc -I../Drivers/CMSIS/Include -I../Drivers/CMSIS/Device/ST/STM32L0xx/Include -I../Drivers/STM32L0xx_HAL_Driver/Inc -O0 -ffunction-sections -fdata-sections -g -fstack-usage -Wall -o Drivers\STM32L0xx_HAL_Driver\Src\stm32l0xx_hal_smartcard_ex.o 
arm-atollic-eabi-gcc -c ..\Drivers\STM32L0xx_HAL_Driver\Src\stm32l0xx_ll_dma.c -mthumb -mcpu=cortex-m0plus -std=gnu11 -DSTM32L073xx -I../src -I../Inc -I../Drivers/CMSIS/Include -I../Drivers/CMSIS/Device/ST/STM32L0xx/Include -I../Drivers/STM32L0xx_HAL_Driver/Inc -O0 -ffunction-sections -fdata-sections -g -fstack-usage -Wall -o Drivers\STM32L0xx_HAL_Driver\Src\stm32l0xx_ll_dma.o 
arm-atollic-eabi-g++ -o application.elf Drivers\STM32L0xx_HAL_Driver\Src\stm32l0xx_hal.o Drivers\STM32L0xx_HAL_Driver\Src\stm32l0xx_hal_adc.o Drivers\STM32L0xx_HAL_Driver\Src\stm32l0xx_hal_adc_ex.o Drivers\STM32L0xx_HAL_Driver\Src\stm32l0xx_hal_comp.o Drivers\STM32L0xx_HAL_Driver\Src\stm32l0xx_hal_comp_ex.o Drivers\STM32L0xx_HAL_Driver\Src\stm32l0xx_hal_cortex.o Drivers\STM32L0xx_HAL_Driver\Src\stm32l0xx_hal_crc.o Drivers\STM32L0xx_HAL_Driver\Src\stm32l0xx_hal_crc_ex.o Drivers\STM32L0xx_HAL_Driver\Src\stm32l0xx_hal_cryp.o Drivers\STM32L0xx_HAL_Driver\Src\stm32l0xx_hal_cryp_ex.o Drivers\STM32L0xx_HAL_Driver\Src\stm32l0xx_hal_dac.o Drivers\STM32L0xx_HAL_Driver\Src\stm32l0xx_hal_dac_ex.o Drivers\STM32L0xx_HAL_Driver\Src\stm32l0xx_hal_dma.o Drivers\STM32L0xx_HAL_Driver\Src\stm32l0xx_hal_exti.o Drivers\STM32L0xx_HAL_Driver\Src\stm32l0xx_hal_firewall.o Drivers\STM32L0xx_HAL_Driver\Src\stm32l0xx_hal_flash.o Drivers\STM32L0xx_HAL_Driver\Src\stm32l0xx_hal_flash_ex.o Drivers\STM32L0xx_HAL_Driver\Src\stm32l0xx_hal_flash_ramfunc.o Drivers\STM32L0xx_HAL_Driver\Src\stm32l0xx_hal_gpio.o Drivers\STM32L0xx_HAL_Driver\Src\stm32l0xx_hal_i2c.o Drivers\STM32L0xx_HAL_Driver\Src\stm32l0xx_hal_i2c_ex.o Drivers\STM32L0xx_HAL_Driver\Src\stm32l0xx_hal_i2s.o Drivers\STM32L0xx_HAL_Driver\Src\stm32l0xx_hal_irda.o Drivers\STM32L0xx_HAL_Driver\Src\stm32l0xx_hal_iwdg.o Drivers\STM32L0xx_HAL_Driver\Src\stm32l0xx_hal_lcd.o Drivers\STM32L0xx_HAL_Driver\Src\stm32l0xx_hal_lptim.o Drivers\STM32L0xx_HAL_Driver\Src\stm32l0xx_hal_msp_template.o Drivers\STM32L0xx_HAL_Driver\Src\stm32l0xx_hal_pcd.o Drivers\STM32L0xx_HAL_Driver\Src\stm32l0xx_hal_pcd_ex.o Drivers\STM32L0xx_HAL_Driver\Src\stm32l0xx_hal_pwr.o Drivers\STM32L0xx_HAL_Driver\Src\stm32l0xx_hal_pwr_ex.o Drivers\STM32L0xx_HAL_Driver\Src\stm32l0xx_hal_rcc.o Drivers\STM32L0xx_HAL_Driver\Src\stm32l0xx_hal_rcc_ex.o Drivers\STM32L0xx_HAL_Driver\Src\stm32l0xx_hal_rng.o Drivers\STM32L0xx_HAL_Driver\Src\stm32l0xx_hal_rtc.o Drivers\STM32L0xx_HAL_Driver\Src\stm32l0xx_hal_rtc_ex.o Drivers\STM32L0xx_HAL_Driver\Src\stm32l0xx_hal_smartcard.o Drivers\STM32L0xx_HAL_Driver\Src\stm32l0xx_hal_smartcard_ex.o Drivers\STM32L0xx_HAL_Driver\Src\stm32l0xx_hal_smbus.o Drivers\STM32L0xx_HAL_Driver\Src\stm32l0xx_hal_smbus_ex.o Drivers\STM32L0xx_HAL_Driver\Src\stm32l0xx_hal_spi.o Drivers\STM32L0xx_HAL_Driver\Src\stm32l0xx_hal_tim.o Drivers\STM32L0xx_HAL_Driver\Src\stm32l0xx_hal_tim_ex.o Drivers\STM32L0xx_HAL_Driver\Src\stm32l0xx_hal_timebase_tim_template.o Drivers\STM32L0xx_HAL_Driver\Src\stm32l0xx_hal_tsc.o Drivers\STM32L0xx_HAL_Driver\Src\stm32l0xx_hal_uart.o Drivers\STM32L0xx_HAL_Driver\Src\stm32l0xx_hal_uart_ex.o Drivers\STM32L0xx_HAL_Driver\Src\stm32l0xx_hal_usart.o Drivers\STM32L0xx_HAL_Driver\Src\stm32l0xx_hal_wwdg.o Drivers\STM32L0xx_HAL_Driver\Src\stm32l0xx_ll_adc.o Drivers\STM32L0xx_HAL_Driver\Src\stm32l0xx_ll_comp.o Drivers\STM32L0xx_HAL_Driver\Src\stm32l0xx_ll_crc.o Drivers\STM32L0xx_HAL_Driver\Src\stm32l0xx_ll_crs.o Drivers\STM32L0xx_HAL_Driver\Src\stm32l0xx_ll_dac.o Drivers\STM32L0xx_HAL_Driver\Src\stm32l0xx_ll_dma.o Drivers\STM32L0xx_HAL_Driver\Src\stm32l0xx_ll_exti.o Drivers\STM32L0xx_HAL_Driver\Src\stm32l0xx_ll_gpio.o Drivers\STM32L0xx_HAL_Driver\Src\stm32l0xx_ll_i2c.o Drivers\STM32L0xx_HAL_Driver\Src\stm32l0xx_ll_lptim.o Drivers\STM32L0xx_HAL_Driver\Src\stm32l0xx_ll_lpuart.o Drivers\STM32L0xx_HAL_Driver\Src\stm32l0xx_ll_pwr.o Drivers\STM32L0xx_HAL_Driver\Src\stm32l0xx_ll_rcc.o Drivers\STM32L0xx_HAL_Driver\Src\stm32l0xx_ll_rng.o Drivers\STM32L0xx_HAL_Driver\Src\stm32l0xx_ll_rtc.o Drivers\STM32L0xx_HAL_Driver\Src\stm32l0xx_ll_spi.o Drivers\STM32L0xx_HAL_Driver\Src\stm32l0xx_ll_tim.o Drivers\STM32L0xx_HAL_Driver\Src\stm32l0xx_ll_usart.o Drivers\STM32L0xx_HAL_Driver\Src\stm32l0xx_ll_usb.o Drivers\STM32L0xx_HAL_Driver\Src\stm32l0xx_ll_utils.o src\main.o src\startup_stm32l073xx.o src\system_stm32l0xx.o src\tiny_printf.o -mthumb -mcpu=cortex-m0plus -T../stm32_flash.ld -specs=nosys.specs -static -Wl,-cref,-u,Reset_Handler -Wl,-Map=application.map -Wl,--gc-sections -Wl,--defsym=malloc_getpagesize_P=0x1000 -Wl,--start-group -lc -lm -lstdc++ -lsupc++ -Wl,--end-group 
C:\Program Files (x86)\Atollic\TrueSTUDIO for STM32 9.3.0\ide\jre\bin\java -jar C:\Program Files (x86)\Atollic\TrueSTUDIO for STM32 9.3.0\Tools\arm-atollic-reports.jar sizeinfo list application.elf 
Generate build reports...
Print size information
   text	   data	    bss	    dec	    hex	filename
   1196	     12	    352	   1560	    618	application.elf
Print size information done
Generate listing file
Output sent to: application.list
Generate listing file done
Generate build reports done
14:54:49 **** Rebuild of configuration Debug for project application ****
Info: Internal Builder is used for build
arm-atollic-eabi-gcc -c ..\Drivers\STM32L0xx_HAL_Driver\Src\stm32l0xx_hal_irda.c -mthumb -mcpu=cortex-m0plus -std=gnu11 -DSTM32L073xx -I../src -I../Inc -I../Drivers/CMSIS/Include -I../Drivers/CMSIS/Device/ST/STM32L0xx/Include -I../Drivers/STM32L0xx_HAL_Driver/Inc -O0 -ffunction-sections -fdata-sections -g -fstack-usage -Wall -o Drivers\STM32L0xx_HAL_Driver\Src\stm32l0xx_hal_irda.o 
arm-atollic-eabi-gcc -c ..\Drivers\STM32L0xx_HAL_Driver\Src\stm32l0xx_ll_usb.c -mthumb -mcpu=cortex-m0plus -std=gnu11 -DSTM32L073xx -I../src -I../Inc -I../Drivers/CMSIS/Include -I../Drivers/CMSIS/Device/ST/STM32L0xx/Include -I../Drivers/STM32L0xx_HAL_Driver/Inc -O0 -ffunction-sections -fdata-sections -g -fstack-usage -Wall -o Drivers\STM32L0xx_HAL_Driver\Src\stm32l0xx_ll_usb.o 
arm-atollic-eabi-gcc -c ..\Drivers\STM32L0xx_HAL_Driver\Src\stm32l0xx_ll_lpuart.c -mthumb -mcpu=cortex-m0plus -std=gnu11 -DSTM32L073xx -I../src -I../Inc -I../Drivers/CMSIS/Include -I../Drivers/CMSIS/Device/ST/STM32L0xx/Include -I../Drivers/STM32L0xx_HAL_Driver/Inc -O0 -ffunction-sections -fdata-sections -g -fstack-usage -Wall -o Drivers\STM32L0xx_HAL_Driver\Src\stm32l0xx_ll_lpuart.o 
arm-atollic-eabi-gcc -c ..\Drivers\STM32L0xx_HAL_Driver\Src\stm32l0xx_hal_lcd.c -mthumb -mcpu=cortex-m0plus -std=gnu11 -DSTM32L073xx -I../src -I../Inc -I../Drivers/CMSIS/Include -I../Drivers/CMSIS/Device/ST/STM32L0xx/Include -I../Drivers/STM32L0xx_HAL_Driver/Inc -O0 -ffunction-sections -fdata-sections -g -fstack-usage -Wall -o Drivers\STM32L0xx_HAL_Driver\Src\stm32l0xx_hal_lcd.o 
arm-atollic-eabi-gcc -c ..\Drivers\STM32L0xx_HAL_Driver\Src\stm32l0xx_hal_pwr.c -mthumb -mcpu=cortex-m0plus -std=gnu11 -DSTM32L073xx -I../src -I../Inc -I../Drivers/CMSIS/Include -I../Drivers/CMSIS/Device/ST/STM32L0xx/Include -I../Drivers/STM32L0xx_HAL_Driver/Inc -O0 -ffunction-sections -fdata-sections -g -fstack-usage -Wall -o Drivers\STM32L0xx_HAL_Driver\Src\stm32l0xx_hal_pwr.o 
arm-atollic-eabi-gcc -c ..\Drivers\STM32L0xx_HAL_Driver\Src\stm32l0xx_hal_smartcard_ex.c -mthumb -mcpu=cortex-m0plus -std=gnu11 -DSTM32L073xx -I../src -I../Inc -I../Drivers/CMSIS/Include -I../Drivers/CMSIS/Device/ST/STM32L0xx/Include -I../Drivers/STM32L0xx_HAL_Driver/Inc -O0 -ffunction-sections -fdata-sections -g -fstack-usage -Wall -o Drivers\STM32L0xx_HAL_Driver\Src\stm32l0xx_hal_smartcard_ex.o 
arm-atollic-eabi-gcc -c ..\Drivers\STM32L0xx_HAL_Driver\Src\stm32l0xx_hal_pcd_ex.c -mthumb -mcpu=cortex-m0plus -std=gnu11 -DSTM32L073xx -I../src -I../Inc -I../Drivers/CMSIS/Include -I../Drivers/CMSIS/Device/ST/STM32L0xx/Include -I../Drivers/STM32L0xx_HAL_Driver/Inc -O0 -ffunction-sections -fdata-sections -g -fstack-usage -Wall -o Drivers\STM32L0xx_HAL_Driver\Src\stm32l0xx_hal_pcd_ex.o 
arm-atollic-eabi-gcc -c ..\Drivers\STM32L0xx_HAL_Driver\Src\stm32l0xx_hal_rcc_ex.c -mthumb -mcpu=cortex-m0plus -std=gnu11 -DSTM32L073xx -I../src -I../Inc -I../Drivers/CMSIS/Include -I../Drivers/CMSIS/Device/ST/STM32L0xx/Include -I../Drivers/STM32L0xx_HAL_Driver/Inc -O0 -ffunction-sections -fdata-sections -g -fstack-usage -Wall -o Drivers\STM32L0xx_HAL_Driver\Src\stm32l0xx_hal_rcc_ex.o 
arm-atollic-eabi-gcc -c ..\Drivers\STM32L0xx_HAL_Driver\Src\stm32l0xx_hal_spi.c -mthumb -mcpu=cortex-m0plus -std=gnu11 -DSTM32L073xx -I../src -I../Inc -I../Drivers/CMSIS/Include -I../Drivers/CMSIS/Device/ST/STM32L0xx/Include -I../Drivers/STM32L0xx_HAL_Driver/Inc -O0 -ffunction-sections -fdata-sections -g -fstack-usage -Wall -o Drivers\STM32L0xx_HAL_Driver\Src\stm32l0xx_hal_spi.o 
arm-atollic-eabi-gcc -c ..\Drivers\STM32L0xx_HAL_Driver\Src\stm32l0xx_ll_comp.c -mthumb -mcpu=cortex-m0plus -std=gnu11 -DSTM32L073xx -I../src -I../Inc -I../Drivers/CMSIS/Include -I../Drivers/CMSIS/Device/ST/STM32L0xx/Include -I../Drivers/STM32L0xx_HAL_Driver/Inc -O0 -ffunction-sections -fdata-sections -g -fstack-usage -Wall -o Drivers\STM32L0xx_HAL_Driver\Src\stm32l0xx_ll_comp.o 
arm-atollic-eabi-gcc -c ..\Drivers\STM32L0xx_HAL_Driver\Src\stm32l0xx_hal_uart.c -mthumb -mcpu=cortex-m0plus -std=gnu11 -DSTM32L073xx -I../src -I../Inc -I../Drivers/CMSIS/Include -I../Drivers/CMSIS/Device/ST/STM32L0xx/Include -I../Drivers/STM32L0xx_HAL_Driver/Inc -O0 -ffunction-sections -fdata-sections -g -fstack-usage -Wall -o Drivers\STM32L0xx_HAL_Driver\Src\stm32l0xx_hal_uart.o 
arm-atollic-eabi-gcc -c ..\Drivers\STM32L0xx_HAL_Driver\Src\stm32l0xx_hal_timebase_tim_template.c -mthumb -mcpu=cortex-m0plus -std=gnu11 -DSTM32L073xx -I../src -I../Inc -I../Drivers/CMSIS/Include -I../Drivers/CMSIS/Device/ST/STM32L0xx/Include -I../Drivers/STM32L0xx_HAL_Driver/Inc -O0 -ffunction-sections -fdata-sections -g -fstack-usage -Wall -o Drivers\STM32L0xx_HAL_Driver\Src\stm32l0xx_hal_timebase_tim_template.o 
arm-atollic-eabi-gcc -c ..\Drivers\STM32L0xx_HAL_Driver\Src\stm32l0xx_hal_comp_ex.c -mthumb -mcpu=cortex-m0plus -std=gnu11 -DSTM32L073xx -I../src -I../Inc -I../Drivers/CMSIS/Include -I../Drivers/CMSIS/Device/ST/STM32L0xx/Include -I../Drivers/STM32L0xx_HAL_Driver/Inc -O0 -ffunction-sections -fdata-sections -g -fstack-usage -Wall -o Drivers\STM32L0xx_HAL_Driver\Src\stm32l0xx_hal_comp_ex.o 
arm-atollic-eabi-gcc -c ..\Drivers\STM32L0xx_HAL_Driver\Src\stm32l0xx_ll_usart.c -mthumb -mcpu=cortex-m0plus -std=gnu11 -DSTM32L073xx -I../src -I../Inc -I../Drivers/CMSIS/Include -I../Drivers/CMSIS/Device/ST/STM32L0xx/Include -I../Drivers/STM32L0xx_HAL_Driver/Inc -O0 -ffunction-sections -fdata-sections -g -fstack-usage -Wall -o Drivers\STM32L0xx_HAL_Driver\Src\stm32l0xx_ll_usart.o 
arm-atollic-eabi-gcc -c ..\Drivers\STM32L0xx_HAL_Driver\Src\stm32l0xx_hal_adc.c -mthumb -mcpu=cortex-m0plus -std=gnu11 -DSTM32L073xx -I../src -I../Inc -I../Drivers/CMSIS/Include -I../Drivers/CMSIS/Device/ST/STM32L0xx/Include -I../Drivers/STM32L0xx_HAL_Driver/Inc -O0 -ffunction-sections -fdata-sections -g -fstack-usage -Wall -o Drivers\STM32L0xx_HAL_Driver\Src\stm32l0xx_hal_adc.o 
arm-atollic-eabi-gcc -c ..\Drivers\STM32L0xx_HAL_Driver\Src\stm32l0xx_hal_crc.c -mthumb -mcpu=cortex-m0plus -std=gnu11 -DSTM32L073xx -I../src -I../Inc -I../Drivers/CMSIS/Include -I../Drivers/CMSIS/Device/ST/STM32L0xx/Include -I../Drivers/STM32L0xx_HAL_Driver/Inc -O0 -ffunction-sections -fdata-sections -g -fstack-usage -Wall -o Drivers\STM32L0xx_HAL_Driver\Src\stm32l0xx_hal_crc.o 
arm-atollic-eabi-gcc -c ..\Drivers\STM32L0xx_HAL_Driver\Src\stm32l0xx_hal_rtc_ex.c -mthumb -mcpu=cortex-m0plus -std=gnu11 -DSTM32L073xx -I../src -I../Inc -I../Drivers/CMSIS/Include -I../Drivers/CMSIS/Device/ST/STM32L0xx/Include -I../Drivers/STM32L0xx_HAL_Driver/Inc -O0 -ffunction-sections -fdata-sections -g -fstack-usage -Wall -o Drivers\STM32L0xx_HAL_Driver\Src\stm32l0xx_hal_rtc_ex.o 
arm-atollic-eabi-gcc -c ..\Drivers\STM32L0xx_HAL_Driver\Src\stm32l0xx_hal_flash.c -mthumb -mcpu=cortex-m0plus -std=gnu11 -DSTM32L073xx -I../src -I../Inc -I../Drivers/CMSIS/Include -I../Drivers/CMSIS/Device/ST/STM32L0xx/Include -I../Drivers/STM32L0xx_HAL_Driver/Inc -O0 -ffunction-sections -fdata-sections -g -fstack-usage -Wall -o Drivers\STM32L0xx_HAL_Driver\Src\stm32l0xx_hal_flash.o 
arm-atollic-eabi-gcc -c ..\Drivers\STM32L0xx_HAL_Driver\Src\stm32l0xx_hal_tim_ex.c -mthumb -mcpu=cortex-m0plus -std=gnu11 -DSTM32L073xx -I../src -I../Inc -I../Drivers/CMSIS/Include -I../Drivers/CMSIS/Device/ST/STM32L0xx/Include -I../Drivers/STM32L0xx_HAL_Driver/Inc -O0 -ffunction-sections -fdata-sections -g -fstack-usage -Wall -o Drivers\STM32L0xx_HAL_Driver\Src\stm32l0xx_hal_tim_ex.o 
arm-atollic-eabi-gcc -c ..\Drivers\STM32L0xx_HAL_Driver\Src\stm32l0xx_hal_gpio.c -mthumb -mcpu=cortex-m0plus -std=gnu11 -DSTM32L073xx -I../src -I../Inc -I../Drivers/CMSIS/Include -I../Drivers/CMSIS/Device/ST/STM32L0xx/Include -I../Drivers/STM32L0xx_HAL_Driver/Inc -O0 -ffunction-sections -fdata-sections -g -fstack-usage -Wall -o Drivers\STM32L0xx_HAL_Driver\Src\stm32l0xx_hal_gpio.o 
[...]
arm-atollic-eabi-gcc -c ..\Drivers\STM32L0xx_HAL_Driver\Src\stm32l0xx_hal_cryp.c -mthumb -mcpu=cortex-m0plus -std=gnu11 -DSTM32L073xx -I../src -I../Inc -I../Drivers/CMSIS/Include -I../Drivers/CMSIS/Device/ST/STM32L0xx/Include -I../Drivers/STM32L0xx_HAL_Driver/Inc -O0 -ffunction-sections -fdata-sections -g -fstack-usage -Wall -o Drivers\STM32L0xx_HAL_Driver\Src\stm32l0xx_hal_cryp.o 
arm-atollic-eabi-gcc -c ..\Drivers\STM32L0xx_HAL_Driver\Src\stm32l0xx_ll_utils.c -mthumb -mcpu=cortex-m0plus -std=gnu11 -DSTM32L073xx -I../src -I../Inc -I../Drivers/CMSIS/Include -I../Drivers/CMSIS/Device/ST/STM32L0xx/Include -I../Drivers/STM32L0xx_HAL_Driver/Inc -O0 -ffunction-sections -fdata-sections -g -fstack-usage -Wall -o Drivers\STM32L0xx_HAL_Driver\Src\stm32l0xx_ll_utils.o 
arm-atollic-eabi-gcc -c ..\Drivers\STM32L0xx_HAL_Driver\Src\stm32l0xx_hal_cortex.c -mthumb -mcpu=cortex-m0plus -std=gnu11 -DSTM32L073xx -I../src -I../Inc -I../Drivers/CMSIS/Include -I../Drivers/CMSIS/Device/ST/STM32L0xx/Include -I../Drivers/STM32L0xx_HAL_Driver/Inc -O0 -ffunction-sections -fdata-sections -g -fstack-usage -Wall -o Drivers\STM32L0xx_HAL_Driver\Src\stm32l0xx_hal_cortex.o 
arm-atollic-eabi-gcc -c ..\Drivers\STM32L0xx_HAL_Driver\Src\stm32l0xx_hal_uart.c -mthumb -mcpu=cortex-m0plus -std=gnu11 -DSTM32L073xx -I../src -I../Inc -I../Drivers/CMSIS/Include -I../Drivers/CMSIS/Device/ST/STM32L0xx/Include -I../Drivers/STM32L0xx_HAL_Driver/Inc -O0 -ffunction-sections -fdata-sections -g -fstack-usage -Wall -o Drivers\STM32L0xx_HAL_Driver\Src\stm32l0xx_hal_uart.o 
arm-atollic-eabi-gcc -c ..\Drivers\STM32L0xx_HAL_Driver\Src\stm32l0xx_ll_usb.c -mthumb -mcpu=cortex-m0plus -std=gnu11 -DSTM32L073xx -I../src -I../Inc -I../Drivers/CMSIS/Include -I../Drivers/CMSIS/Device/ST/STM32L0xx/Include -I../Drivers/STM32L0xx_HAL_Driver/Inc -O0 -ffunction-sections -fdata-sections -g -fstack-usage -Wall -o Drivers\STM32L0xx_HAL_Driver\Src\stm32l0xx_ll_usb.o 
arm-atollic-eabi-gcc -c ..\Drivers\STM32L0xx_HAL_Driver\Src\stm32l0xx_hal_rtc_ex.c -mthumb -mcpu=cortex-m0plus -std=gnu11 -DSTM32L073xx -I../src -I../Inc -I../Drivers/CMSIS/Include -I../Drivers/CMSIS/Device/ST/STM32L0xx/Include -I../Drivers/STM32L0xx_HAL_Driver/Inc -O0 -ffunction-sections -fdata-sections -g -fstack-usage -Wall -o Drivers\STM32L0xx_HAL_Driver\Src\stm32l0xx_hal_rtc_ex.o 
arm-atollic-eabi-gcc -c ..\Drivers\STM32L0xx_HAL_Driver\Src\stm32l0xx_hal_wwdg.c -mthumb -mcpu=cortex-m0plus -std=gnu11 -DSTM32L073xx -I../src -I../Inc -I../Drivers/CMSIS/Include -I../Drivers/CMSIS/Device/ST/STM32L0xx/Include -I../Drivers/STM32L0xx_HAL_Driver/Inc -O0 -ffunction-sections -fdata-sections -g -fstack-usage -Wall -o Drivers\STM32L0xx_HAL_Driver\Src\stm32l0xx_hal_wwdg.o 
arm-atollic-eabi-gcc -c ..\Drivers\STM32L0xx_HAL_Driver\Src\stm32l0xx_hal_rcc.c -mthumb -mcpu=cortex-m0plus -std=gnu11 -DSTM32L073xx -I../src -I../Inc -I../Drivers/CMSIS/Include -I../Drivers/CMSIS/Device/ST/STM32L0xx/Include -I../Drivers/STM32L0xx_HAL_Driver/Inc -O0 -ffunction-sections -fdata-sections -g -fstack-usage -Wall -o Drivers\STM32L0xx_HAL_Driver\Src\stm32l0xx_hal_rcc.o 
arm-atollic-eabi-gcc -c ..\Drivers\STM32L0xx_HAL_Driver\Src\stm32l0xx_hal_rng.c -mthumb -mcpu=cortex-m0plus -std=gnu11 -DSTM32L073xx -I../src -I../Inc -I../Drivers/CMSIS/Include -I../Drivers/CMSIS/Device/ST/STM32L0xx/Include -I../Drivers/STM32L0xx_HAL_Driver/Inc -O0 -ffunction-sections -fdata-sections -g -fstack-usage -Wall -o Drivers\STM32L0xx_HAL_Driver\Src\stm32l0xx_hal_rng.o 
arm-atollic-eabi-gcc -c ..\Drivers\STM32L0xx_HAL_Driver\Src\stm32l0xx_hal_rcc_ex.c -mthumb -mcpu=cortex-m0plus -std=gnu11 -DSTM32L073xx -I../src -I../Inc -I../Drivers/CMSIS/Include -I../Drivers/CMSIS/Device/ST/STM32L0xx/Include -I../Drivers/STM32L0xx_HAL_Driver/Inc -O0 -ffunction-sections -fdata-sections -g -fstack-usage -Wall -o Drivers\STM32L0xx_HAL_Driver\Src\stm32l0xx_hal_rcc_ex.o 
arm-atollic-eabi-gcc -c ..\Drivers\STM32L0xx_HAL_Driver\Src\stm32l0xx_ll_crs.c -mthumb -mcpu=cortex-m0plus -std=gnu11 -DSTM32L073xx -I../src -I../Inc -I../Drivers/CMSIS/Include -I../Drivers/CMSIS/Device/ST/STM32L0xx/Include -I../Drivers/STM32L0xx_HAL_Driver/Inc -O0 -ffunction-sections -fdata-sections -g -fstack-usage -Wall -o Drivers\STM32L0xx_HAL_Driver\Src\stm32l0xx_ll_crs.o 
arm-atollic-eabi-gcc -c ..\Drivers\STM32L0xx_HAL_Driver\Src\stm32l0xx_hal_msp_template.c -mthumb -mcpu=cortex-m0plus -std=gnu11 -DSTM32L073xx -I../src -I../Inc -I../Drivers/CMSIS/Include -I../Drivers/CMSIS/Device/ST/STM32L0xx/Include -I../Drivers/STM32L0xx_HAL_Driver/Inc -O0 -ffunction-sections -fdata-sections -g -fstack-usage -Wall -o Drivers\STM32L0xx_HAL_Driver\Src\stm32l0xx_hal_msp_template.o 
arm-atollic-eabi-gcc -c ..\Drivers\STM32L0xx_HAL_Driver\Src\stm32l0xx_hal_exti.c -mthumb -mcpu=cortex-m0plus -std=gnu11 -DSTM32L073xx -I../src -I../Inc -I../Drivers/CMSIS/Include -I../Drivers/CMSIS/Device/ST/STM32L0xx/Include -I../Drivers/STM32L0xx_HAL_Driver/Inc -O0 -ffunction-sections -fdata-sections -g -fstack-usage -Wall -o Drivers\STM32L0xx_HAL_Driver\Src\stm32l0xx_hal_exti.o 
arm-atollic-eabi-gcc -c ..\Drivers\STM32L0xx_HAL_Driver\Src\stm32l0xx_ll_exti.c -mthumb -mcpu=cortex-m0plus -std=gnu11 -DSTM32L073xx -I../src -I../Inc -I../Drivers/CMSIS/Include -I../Drivers/CMSIS/Device/ST/STM32L0xx/Include -I../Drivers/STM32L0xx_HAL_Driver/Inc -O0 -ffunction-sections -fdata-sections -g -fstack-usage -Wall -o Drivers\STM32L0xx_HAL_Driver\Src\stm32l0xx_ll_exti.o 
arm-atollic-eabi-gcc -c ..\Drivers\STM32L0xx_HAL_Driver\Src\stm32l0xx_hal_gpio.c -mthumb -mcpu=cortex-m0plus -std=gnu11 -DSTM32L073xx -I../src -I../Inc -I../Drivers/CMSIS/Include -I../Drivers/CMSIS/Device/ST/STM32L0xx/Include -I../Drivers/STM32L0xx_HAL_Driver/Inc -O0 -ffunction-sections -fdata-sections -g -fstack-usage -Wall -o Drivers\STM32L0xx_HAL_Driver\Src\stm32l0xx_hal_gpio.o 
arm-atollic-eabi-gcc -c ..\Drivers\STM32L0xx_HAL_Driver\Src\stm32l0xx_hal_smartcard_ex.c -mthumb -mcpu=cortex-m0plus -std=gnu11 -DSTM32L073xx -I../src -I../Inc -I../Drivers/CMSIS/Include -I../Drivers/CMSIS/Device/ST/STM32L0xx/Include -I../Drivers/STM32L0xx_HAL_Driver/Inc -O0 -ffunction-sections -fdata-sections -g -fstack-usage -Wall -o Drivers\STM32L0xx_HAL_Driver\Src\stm32l0xx_hal_smartcard_ex.o 
arm-atollic-eabi-gcc -c ..\Drivers\STM32L0xx_HAL_Driver\Src\stm32l0xx_hal_smbus_ex.c -mthumb -mcpu=cortex-m0plus -std=gnu11 -DSTM32L073xx -I../src -I../Inc -I../Drivers/CMSIS/Include -I../Drivers/CMSIS/Device/ST/STM32L0xx/Include -I../Drivers/STM32L0xx_HAL_Driver/Inc -O0 -ffunction-sections -fdata-sections -g -fstack-usage -Wall -o Drivers\STM32L0xx_HAL_Driver\Src\stm32l0xx_hal_smbus_ex.o 
arm-atollic-eabi-gcc -c ..\Drivers\STM32L0xx_HAL_Driver\Src\stm32l0xx_hal_irda.c -mthumb -mcpu=cortex-m0plus -std=gnu11 -DSTM32L073xx -I../src -I../Inc -I../Drivers/CMSIS/Include -I../Drivers/CMSIS/Device/ST/STM32L0xx/Include -I../Drivers/STM32L0xx_HAL_Driver/Inc -O0 -ffunction-sections -fdata-sections -g -fstack-usage -Wall -o Drivers\STM32L0xx_HAL_Driver\Src\stm32l0xx_hal_irda.o 
arm-atollic-eabi-gcc -c ..\Drivers\STM32L0xx_HAL_Driver\Src\stm32l0xx_ll_pwr.c -mthumb -mcpu=cortex-m0plus -std=gnu11 -DSTM32L073xx -I../src -I../Inc -I../Drivers/CMSIS/Include -I../Drivers/CMSIS/Device/ST/STM32L0xx/Include -I../Drivers/STM32L0xx_HAL_Driver/Inc -O0 -ffunction-sections -fdata-sections -g -fstack-usage -Wall -o Drivers\STM32L0xx_HAL_Driver\Src\stm32l0xx_ll_pwr.o 
arm-atollic-eabi-gcc -c ..\Drivers\STM32L0xx_HAL_Driver\Src\stm32l0xx_hal_lcd.c -mthumb -mcpu=cortex-m0plus -std=gnu11 -DSTM32L073xx -I../src -I../Inc -I../Drivers/CMSIS/Include -I../Drivers/CMSIS/Device/ST/STM32L0xx/Include -I../Drivers/STM32L0xx_HAL_Driver/Inc -O0 -ffunction-sections -fdata-sections -g -fstack-usage -Wall -o Drivers\STM32L0xx_HAL_Driver\Src\stm32l0xx_hal_lcd.o 
arm-atollic-eabi-gcc -c ..\Drivers\STM32L0xx_HAL_Driver\Src\stm32l0xx_hal_pwr.c -mthumb -mcpu=cortex-m0plus -std=gnu11 -DSTM32L073xx -I../src -I../Inc -I../Drivers/CMSIS/Include -I../Drivers/CMSIS/Device/ST/STM32L0xx/Include -I../Drivers/STM32L0xx_HAL_Driver/Inc -O0 -ffunction-sections -fdata-sections -g -fstack-usage -Wall -o Drivers\STM32L0xx_HAL_Driver\Src\stm32l0xx_hal_pwr.o 
arm-atollic-eabi-gcc -c ..\Drivers\STM32L0xx_HAL_Driver\Src\stm32l0xx_hal_tim.c -mthumb -mcpu=cortex-m0plus -std=gnu11 -DSTM32L073xx -I../src -I../Inc -I../Drivers/CMSIS/Include -I../Drivers/CMSIS/Device/ST/STM32L0xx/Include -I../Drivers/STM32L0xx_HAL_Driver/Inc -O0 -ffunction-sections -fdata-sections -g -fstack-usage -Wall -o Drivers\STM32L0xx_HAL_Driver\Src\stm32l0xx_hal_tim.o 
arm-atollic-eabi-gcc -c ..\Drivers\STM32L0xx_HAL_Driver\Src\stm32l0xx_ll_rtc.c -mthumb -mcpu=cortex-m0plus -std=gnu11 -DSTM32L073xx -I../src -I../Inc -I../Drivers/CMSIS/Include -I../Drivers/CMSIS/Device/ST/STM32L0xx/Include -I../Drivers/STM32L0xx_HAL_Driver/Inc -O0 -ffunction-sections -fdata-sections -g -fstack-usage -Wall -o Drivers\STM32L0xx_HAL_Driver\Src\stm32l0xx_ll_rtc.o 
arm-atollic-eabi-gcc -c ..\Drivers\STM32L0xx_HAL_Driver\Src\stm32l0xx_hal_flash.c -mthumb -mcpu=cortex-m0plus -std=gnu11 -DSTM32L073xx -I../src -I../Inc -I../Drivers/CMSIS/Include -I../Drivers/CMSIS/Device/ST/STM32L0xx/Include -I../Drivers/STM32L0xx_HAL_Driver/Inc -O0 -ffunction-sections -fdata-sections -g -fstack-usage -Wall -o Drivers\STM32L0xx_HAL_Driver\Src\stm32l0xx_hal_flash.o 
arm-atollic-eabi-gcc -c ..\Drivers\STM32L0xx_HAL_Driver\Src\stm32l0xx_hal_i2c_ex.c -mthumb -mcpu=cortex-m0plus -std=gnu11 -DSTM32L073xx -I../src -I../Inc -I../Drivers/CMSIS/Include -I../Drivers/CMSIS/Device/ST/STM32L0xx/Include -I../Drivers/STM32L0xx_HAL_Driver/Inc -O0 -ffunction-sections -fdata-sections -g -fstack-usage -Wall -o Drivers\STM32L0xx_HAL_Driver\Src\stm32l0xx_hal_i2c_ex.o 
arm-atollic-eabi-gcc -c ..\Drivers\STM32L0xx_HAL_Driver\Src\stm32l0xx_hal_crc.c -mthumb -mcpu=cortex-m0plus -std=gnu11 -DSTM32L073xx -I../src -I../Inc -I../Drivers/CMSIS/Include -I../Drivers/CMSIS/Device/ST/STM32L0xx/Include -I../Drivers/STM32L0xx_HAL_Driver/Inc -O0 -ffunction-sections -fdata-sections -g -fstack-usage -Wall -o Drivers\STM32L0xx_HAL_Driver\Src\stm32l0xx_hal_crc.o 
arm-atollic-eabi-gcc -c ..\Drivers\STM32L0xx_HAL_Driver\Src\stm32l0xx_hal_lptim.c -mthumb -mcpu=cortex-m0plus -std=gnu11 -DSTM32L073xx -I../src -I../Inc -I../Drivers/CMSIS/Include -I../Drivers/CMSIS/Device/ST/STM32L0xx/Include -I../Drivers/STM32L0xx_HAL_Driver/Inc -O0 -ffunction-sections -fdata-sections -g -fstack-usage -Wall -o Drivers\STM32L0xx_HAL_Driver\Src\stm32l0xx_hal_lptim.o 
arm-atollic-eabi-gcc -c ..\Drivers\STM32L0xx_HAL_Driver\Src\stm32l0xx_hal_adc.c -mthumb -mcpu=cortex-m0plus -std=gnu11 -DSTM32L073xx -I../src -I../Inc -I../Drivers/CMSIS/Include -I../Drivers/CMSIS/Device/ST/STM32L0xx/Include -I../Drivers/STM32L0xx_HAL_Driver/Inc -O0 -ffunction-sections -fdata-sections -g -fstack-usage -Wall -o Drivers\STM32L0xx_HAL_Driver\Src\stm32l0xx_hal_adc.o 
arm-atollic-eabi-gcc -c ..\Drivers\STM32L0xx_HAL_Driver\Src\stm32l0xx_ll_rcc.c -mthumb -mcpu=cortex-m0plus -std=gnu11 -DSTM32L073xx -I../src -I../Inc -I../Drivers/CMSIS/Include -I../Drivers/CMSIS/Device/ST/STM32L0xx/Include -I../Drivers/STM32L0xx_HAL_Driver/Inc -O0 -ffunction-sections -fdata-sections -g -fstack-usage -Wall -o Drivers\STM32L0xx_HAL_Driver\Src\stm32l0xx_ll_rcc.o 
arm-atollic-eabi-gcc -c ..\src\tiny_printf.c -mthumb -mcpu=cortex-m0plus -std=gnu11 -DSTM32L073xx -I../src -I../Inc -I../Drivers/CMSIS/Include -I../Drivers/CMSIS/Device/ST/STM32L0xx/Include -I../Drivers/STM32L0xx_HAL_Driver/Inc -O0 -ffunction-sections -fdata-sections -g -fstack-usage -Wall -o src\tiny_printf.o 
arm-atollic-eabi-gcc -c ..\Drivers\STM32L0xx_HAL_Driver\Src\stm32l0xx_hal_smartcard.c -mthumb -mcpu=cortex-m0plus -std=gnu11 -DSTM32L073xx -I../src -I../Inc -I../Drivers/CMSIS/Include -I../Drivers/CMSIS/Device/ST/STM32L0xx/Include -I../Drivers/STM32L0xx_HAL_Driver/Inc -O0 -ffunction-sections -fdata-sections -g -fstack-usage -Wall -o Drivers\STM32L0xx_HAL_Driver\Src\stm32l0xx_hal_smartcard.o 
arm-atollic-eabi-g++ -c ..\src\main.cpp -mthumb -mcpu=cortex-m0plus -std=gnu++98 -DSTM32L073xx -I../src -I../Inc -I../Drivers/CMSIS/Include -I../Drivers/CMSIS/Device/ST/STM32L0xx/Include -I../Drivers/STM32L0xx_HAL_Driver/Inc -O0 -ffunction-sections -fdata-sections -fno-rtti -fno-exceptions -g -fstack-usage -Wall -fno-threadsafe-statics -o src\main.o 
arm-atollic-eabi-gcc -c ..\Drivers\STM32L0xx_HAL_Driver\Src\stm32l0xx_ll_dma.c -mthumb -mcpu=cortex-m0plus -std=gnu11 -DSTM32L073xx -I../src -I../Inc -I../Drivers/CMSIS/Include -I../Drivers/CMSIS/Device/ST/STM32L0xx/Include -I../Drivers/STM32L0xx_HAL_Driver/Inc -O0 -ffunction-sections -fdata-sections -g -fstack-usage -Wall -o Drivers\STM32L0xx_HAL_Driver\Src\stm32l0xx_ll_dma.o 
arm-atollic-eabi-gcc -c ..\Drivers\STM32L0xx_HAL_Driver\Src\stm32l0xx_hal_adc_ex.c -mthumb -mcpu=cortex-m0plus -std=gnu11 -DSTM32L073xx -I../src -I../Inc -I../Drivers/CMSIS/Include -I../Drivers/CMSIS/Device/ST/STM32L0xx/Include -I../Drivers/STM32L0xx_HAL_Driver/Inc -O0 -ffunction-sections -fdata-sections -g -fstack-usage -Wall -o Drivers\STM32L0xx_HAL_Driver\Src\stm32l0xx_hal_adc_ex.o 
arm-atollic-eabi-gcc -c ..\Drivers\STM32L0xx_HAL_Driver\Src\stm32l0xx_hal_pwr_ex.c -mthumb -mcpu=cortex-m0plus -std=gnu11 -DSTM32L073xx -I../src -I../Inc -I../Drivers/CMSIS/Include -I../Drivers/CMSIS/Device/ST/STM32L0xx/Include -I../Drivers/STM32L0xx_HAL_Driver/Inc -O0 -ffunction-sections -fdata-sections -g -fstack-usage -Wall -o Drivers\STM32L0xx_HAL_Driver\Src\stm32l0xx_hal_pwr_ex.o 
arm-atollic-eabi-gcc -c ..\Drivers\STM32L0xx_HAL_Driver\Src\stm32l0xx_hal_dac_ex.c -mthumb -mcpu=cortex-m0plus -std=gnu11 -DSTM32L073xx -I../src -I../Inc -I../Drivers/CMSIS/Include -I../Drivers/CMSIS/Device/ST/STM32L0xx/Include -I../Drivers/STM32L0xx_HAL_Driver/Inc -O0 -ffunction-sections -fdata-sections -g -fstack-usage -Wall -o Drivers\STM32L0xx_HAL_Driver\Src\stm32l0xx_hal_dac_ex.o 
arm-atollic-eabi-gcc -c ..\Drivers\STM32L0xx_HAL_Driver\Src\stm32l0xx_ll_lpuart.c -mthumb -mcpu=cortex-m0plus -std=gnu11 -DSTM32L073xx -I../src -I../Inc -I../Drivers/CMSIS/Include -I../Drivers/CMSIS/Device/ST/STM32L0xx/Include -I../Drivers/STM32L0xx_HAL_Driver/Inc -O0 -ffunction-sections -fdata-sections -g -fstack-usage -Wall -o Drivers\STM32L0xx_HAL_Driver\Src\stm32l0xx_ll_lpuart.o 
arm-atollic-eabi-gcc -c ..\Drivers\STM32L0xx_HAL_Driver\Src\stm32l0xx_ll_crc.c -mthumb -mcpu=cortex-m0plus -std=gnu11 -DSTM32L073xx -I../src -I../Inc -I../Drivers/CMSIS/Include -I../Drivers/CMSIS/Device/ST/STM32L0xx/Include -I../Drivers/STM32L0xx_HAL_Driver/Inc -O0 -ffunction-sections -fdata-sections -g -fstack-usage -Wall -o Drivers\STM32L0xx_HAL_Driver\Src\stm32l0xx_ll_crc.o 
arm-atollic-eabi-gcc -c ..\Drivers\STM32L0xx_HAL_Driver\Src\stm32l0xx_hal_flash_ramfunc.c -mthumb -mcpu=cortex-m0plus -std=gnu11 -DSTM32L073xx -I../src -I../Inc -I../Drivers/CMSIS/Include -I../Drivers/CMSIS/Device/ST/STM32L0xx/Include -I../Drivers/STM32L0xx_HAL_Driver/Inc -O0 -ffunction-sections -fdata-sections -g -fstack-usage -Wall -o Drivers\STM32L0xx_HAL_Driver\Src\stm32l0xx_hal_flash_ramfunc.o 
arm-atollic-eabi-g++ -o application.elf Drivers\STM32L0xx_HAL_Driver\Src\stm32l0xx_hal.o Drivers\STM32L0xx_HAL_Driver\Src\stm32l0xx_hal_adc.o Drivers\STM32L0xx_HAL_Driver\Src\stm32l0xx_hal_adc_ex.o Drivers\STM32L0xx_HAL_Driver\Src\stm32l0xx_hal_comp.o Drivers\STM32L0xx_HAL_Driver\Src\stm32l0xx_hal_comp_ex.o Drivers\STM32L0xx_HAL_Driver\Src\stm32l0xx_hal_cortex.o Drivers\STM32L0xx_HAL_Driver\Src\stm32l0xx_hal_crc.o Drivers\STM32L0xx_HAL_Driver\Src\stm32l0xx_hal_crc_ex.o Drivers\STM32L0xx_HAL_Driver\Src\stm32l0xx_hal_cryp.o Drivers\STM32L0xx_HAL_Driver\Src\stm32l0xx_hal_cryp_ex.o Drivers\STM32L0xx_HAL_Driver\Src\stm32l0xx_hal_dac.o Drivers\STM32L0xx_HAL_Driver\Src\stm32l0xx_hal_dac_ex.o Drivers\STM32L0xx_HAL_Driver\Src\stm32l0xx_hal_dma.o Drivers\STM32L0xx_HAL_Driver\Src\stm32l0xx_hal_exti.o Drivers\STM32L0xx_HAL_Driver\Src\stm32l0xx_hal_firewall.o Drivers\STM32L0xx_HAL_Driver\Src\stm32l0xx_hal_flash.o Drivers\STM32L0xx_HAL_Driver\Src\stm32l0xx_hal_flash_ex.o Drivers\STM32L0xx_HAL_Driver\Src\stm32l0xx_hal_flash_ramfunc.o Drivers\STM32L0xx_HAL_Driver\Src\stm32l0xx_hal_gpio.o Drivers\STM32L0xx_HAL_Driver\Src\stm32l0xx_hal_i2c.o Drivers\STM32L0xx_HAL_Driver\Src\stm32l0xx_hal_i2c_ex.o Drivers\STM32L0xx_HAL_Driver\Src\stm32l0xx_hal_i2s.o Drivers\STM32L0xx_HAL_Driver\Src\stm32l0xx_hal_irda.o Drivers\STM32L0xx_HAL_Driver\Src\stm32l0xx_hal_iwdg.o Drivers\STM32L0xx_HAL_Driver\Src\stm32l0xx_hal_lcd.o Drivers\STM32L0xx_HAL_Driver\Src\stm32l0xx_hal_lptim.o Drivers\STM32L0xx_HAL_Driver\Src\stm32l0xx_hal_msp_template.o Drivers\STM32L0xx_HAL_Driver\Src\stm32l0xx_hal_pcd.o Drivers\STM32L0xx_HAL_Driver\Src\stm32l0xx_hal_pcd_ex.o Drivers\STM32L0xx_HAL_Driver\Src\stm32l0xx_hal_pwr.o Drivers\STM32L0xx_HAL_Driver\Src\stm32l0xx_hal_pwr_ex.o Drivers\STM32L0xx_HAL_Driver\Src\stm32l0xx_hal_rcc.o Drivers\STM32L0xx_HAL_Driver\Src\stm32l0xx_hal_rcc_ex.o Drivers\STM32L0xx_HAL_Driver\Src\stm32l0xx_hal_rng.o Drivers\STM32L0xx_HAL_Driver\Src\stm32l0xx_hal_rtc.o Drivers\STM32L0xx_HAL_Driver\Src\stm32l0xx_hal_rtc_ex.o Drivers\STM32L0xx_HAL_Driver\Src\stm32l0xx_hal_smartcard.o Drivers\STM32L0xx_HAL_Driver\Src\stm32l0xx_hal_smartcard_ex.o Drivers\STM32L0xx_HAL_Driver\Src\stm32l0xx_hal_smbus.o Drivers\STM32L0xx_HAL_Driver\Src\stm32l0xx_hal_smbus_ex.o Drivers\STM32L0xx_HAL_Driver\Src\stm32l0xx_hal_spi.o Drivers\STM32L0xx_HAL_Driver\Src\stm32l0xx_hal_tim.o Drivers\STM32L0xx_HAL_Driver\Src\stm32l0xx_hal_tim_ex.o Drivers\STM32L0xx_HAL_Driver\Src\stm32l0xx_hal_timebase_tim_template.o Drivers\STM32L0xx_HAL_Driver\Src\stm32l0xx_hal_tsc.o Drivers\STM32L0xx_HAL_Driver\Src\stm32l0xx_hal_uart.o Drivers\STM32L0xx_HAL_Driver\Src\stm32l0xx_hal_uart_ex.o Drivers\STM32L0xx_HAL_Driver\Src\stm32l0xx_hal_usart.o Drivers\STM32L0xx_HAL_Driver\Src\stm32l0xx_hal_wwdg.o Drivers\STM32L0xx_HAL_Driver\Src\stm32l0xx_ll_adc.o Drivers\STM32L0xx_HAL_Driver\Src\stm32l0xx_ll_comp.o Drivers\STM32L0xx_HAL_Driver\Src\stm32l0xx_ll_crc.o Drivers\STM32L0xx_HAL_Driver\Src\stm32l0xx_ll_crs.o Drivers\STM32L0xx_HAL_Driver\Src\stm32l0xx_ll_dac.o Drivers\STM32L0xx_HAL_Driver\Src\stm32l0xx_ll_dma.o Drivers\STM32L0xx_HAL_Driver\Src\stm32l0xx_ll_exti.o Drivers\STM32L0xx_HAL_Driver\Src\stm32l0xx_ll_gpio.o Drivers\STM32L0xx_HAL_Driver\Src\stm32l0xx_ll_i2c.o Drivers\STM32L0xx_HAL_Driver\Src\stm32l0xx_ll_lptim.o Drivers\STM32L0xx_HAL_Driver\Src\stm32l0xx_ll_lpuart.o Drivers\STM32L0xx_HAL_Driver\Src\stm32l0xx_ll_pwr.o Drivers\STM32L0xx_HAL_Driver\Src\stm32l0xx_ll_rcc.o Drivers\STM32L0xx_HAL_Driver\Src\stm32l0xx_ll_rng.o Drivers\STM32L0xx_HAL_Driver\Src\stm32l0xx_ll_rtc.o Drivers\STM32L0xx_HAL_Driver\Src\stm32l0xx_ll_spi.o Drivers\STM32L0xx_HAL_Driver\Src\stm32l0xx_ll_tim.o Drivers\STM32L0xx_HAL_Driver\Src\stm32l0xx_ll_usart.o Drivers\STM32L0xx_HAL_Driver\Src\stm32l0xx_ll_usb.o Drivers\STM32L0xx_HAL_Driver\Src\stm32l0xx_ll_utils.o src\main.o src\startup_stm32l073xx.o src\system_stm32l0xx.o src\tiny_printf.o -mthumb -mcpu=cortex-m0plus -T../stm32_flash.ld -specs=nosys.specs -static -Wl,-cref,-u,Reset_Handler -Wl,-Map=application.map -Wl,--gc-sections -Wl,--defsym=malloc_getpagesize_P=0x1000 -Wl,--start-group -lc -lm -lstdc++ -lsupc++ -Wl,--end-group 
C:\Program Files (x86)\Atollic\TrueSTUDIO for STM32 9.3.0\ide\jre\bin\java -jar C:\Program Files (x86)\Atollic\TrueSTUDIO for STM32 9.3.0\Tools\arm-atollic-reports.jar sizeinfo list application.elf 
Generate build reports...
Print size information
   text	   data	    bss	    dec	    hex	filename
   3820	     20	    372	   4212	   1074	application.elf
Print size information done
Generate listing file
Output sent to: application.list
Generate listing file done
Generate build reports done
Info: Nothing to build for application
Info: Nothing to build for application
